Component: ARM Compiler 5.05 update 2 (build 169) Tool: armlink [4d0f33]

==============================================================================

Section Cross References

    startup_stm32f10x_hd.o(RESET) refers to startup_stm32f10x_hd.o(STACK) for __initial_sp
    startup_stm32f10x_hd.o(RESET) refers to startup_stm32f10x_hd.o(.text) for Reset_Handler
    startup_stm32f10x_hd.o(RESET) refers to stm32f10x_it.o(.text) for NMI_Handler
    startup_stm32f10x_hd.o(RESET) refers to los_hwi.o(.text) for PendSV_Handler
    startup_stm32f10x_hd.o(.text) refers to system_stm32f10x.o(.text) for SystemInit
    startup_stm32f10x_hd.o(.text) refers to entry.o(.ARM.Collect$$$$00000000) for __main
    system_stm32f10x.o(.text) refers to system_stm32f10x.o(.data) for .data
    stm32f10x_adc.o(.text) refers to stm32f10x_rcc.o(.text) for RCC_APB2PeriphResetCmd
    stm32f10x_bkp.o(.text) refers to stm32f10x_rcc.o(.text) for RCC_BackupResetCmd
    stm32f10x_can.o(.text) refers to stm32f10x_rcc.o(.text) for RCC_APB1PeriphResetCmd
    stm32f10x_cec.o(.text) refers to stm32f10x_rcc.o(.text) for RCC_APB1PeriphResetCmd
    stm32f10x_dac.o(.text) refers to stm32f10x_rcc.o(.text) for RCC_APB1PeriphResetCmd
    stm32f10x_gpio.o(.text) refers to stm32f10x_rcc.o(.text) for RCC_APB2PeriphResetCmd
    stm32f10x_i2c.o(.text) refers to stm32f10x_rcc.o(.text) for RCC_APB1PeriphResetCmd
    stm32f10x_pwr.o(.text) refers to stm32f10x_rcc.o(.text) for RCC_APB1PeriphResetCmd
    stm32f10x_rcc.o(.text) refers to stm32f10x_rcc.o(.data) for .data
    stm32f10x_spi.o(.text) refers to stm32f10x_rcc.o(.text) for RCC_APB2PeriphResetCmd
    stm32f10x_tim.o(.text) refers to stm32f10x_rcc.o(.text) for RCC_APB2PeriphResetCmd
    stm32f10x_usart.o(.text) refers to stm32f10x_rcc.o(.text) for RCC_APB2PeriphResetCmd
    stm32f10x_wwdg.o(.text) refers to stm32f10x_rcc.o(.text) for RCC_APB1PeriphResetCmd
    main.o(.text) refers to printf8.o(i.__0printf$8) for __2printf
    main.o(.text) refers to los_task.o(.text) for LOS_TaskDelay
    main.o(.text) refers to misc.o(.text) for NVIC_PriorityGroupConfig
    main.o(.text) refers to bsp_led.o(.text) for LED_GPIO_Config
    main.o(.text) refers to bsp_usart.o(.text) for USART_Config
    main.o(.text) refers to los_init.o(.text) for LOS_KernelInit
    main.o(.text) refers to main.o(.data) for .data
    bsp_usart.o(.text) refers to misc.o(.text) for NVIC_PriorityGroupConfig
    bsp_usart.o(.text) refers to stm32f10x_rcc.o(.text) for RCC_APB2PeriphClockCmd
    bsp_usart.o(.text) refers to stm32f10x_gpio.o(.text) for GPIO_Init
    bsp_usart.o(.text) refers to stm32f10x_usart.o(.text) for USART_Init
    bsp_led.o(.text) refers to stm32f10x_rcc.o(.text) for RCC_APB2PeriphClockCmd
    bsp_led.o(.text) refers to stm32f10x_gpio.o(.text) for GPIO_Init
    cmsis_liteos.o(.text) refers to los_hwi.o(.text) for osIntNumGet
    cmsis_liteos.o(.text) refers to los_init.o(.text) for LOS_KernelInit
    cmsis_liteos.o(.text) refers to memcpya.o(.text) for __aeabi_memcpy
    cmsis_liteos.o(.text) refers to los_task.o(.text) for LOS_TaskLock
    cmsis_liteos.o(.text) refers to los_dispatch_keil.o(.text) for LOS_IntLock
    cmsis_liteos.o(.text) refers to los_hw_tick.o(.text) for LOS_GetSystickCycle
    cmsis_liteos.o(.text) refers to memseta.o(.text) for __aeabi_memclr4
    cmsis_liteos.o(.text) refers to cmsis_liteos.o(.data) for .data
    cmsis_liteos.o(.text) refers to los_task.o(.data) for g_bTaskScheduled
    cmsis_liteos.o(.text) refers to los_tick.o(.data) for g_ullTickCount
    cmsis_liteos.o(.text) refers to system_stm32f10x.o(.data) for SystemCoreClock
    cmsis_liteos.o(.text) refers to los_swtmr.o(.text) for LOS_SwtmrCreate
    cmsis_liteos.o(.text) refers to los_sys.o(.text) for LOS_Tick2MS
    cmsis_liteos.o(.text) refers to los_memory.o(.text) for LOS_MemAlloc
    cmsis_liteos.o(.text) refers to los_event.o(.text) for LOS_EventInit
    cmsis_liteos.o(.text) refers to los_mux.o(.text) for LOS_MuxCreate
    cmsis_liteos.o(.text) refers to los_sem.o(.text) for LOS_SemCreate
    cmsis_liteos.o(.text) refers to los_swtmr.o(.data) for m_pstSwtmrCBArray
    cmsis_liteos.o(.text) refers to los_init.o(.data) for m_aucSysMem0
    cmsis_liteos.o(.text) refers to los_mux.o(.data) for g_pstAllMux
    cmsis_liteos.o(.text) refers to los_sem.o(.data) for g_pstAllSem
    cmsis_liteos.o(.text) refers to los_queue.o(.text) for LOS_QueueCreate
    cmsis_liteos.o(.text) refers to los_queue.o(.data) for g_pstAllQueue
    los_priqueue.o(.text) refers to los_memory.o(.text) for LOS_MemAlloc
    los_priqueue.o(.text) refers to los_init.o(.data) for m_aucSysMem0
    los_priqueue.o(.text) refers to los_priqueue.o(.data) for .data
    los_swtmr.o(.text) refers to los_queue.o(.text) for LOS_QueueReadCopy
    los_swtmr.o(.text) refers to los_sys.o(.text) for LOS_TickCountGet
    los_swtmr.o(.text) refers to memseta.o(.text) for __aeabi_memclr4
    los_swtmr.o(.text) refers to los_task.o(.text) for LOS_TaskCreate
[...]
    Removing stm32f10x_fsmc.o(.rrx_text), (6 bytes).
    Removing stm32f10x_fsmc.o(.text), (1206 bytes).
    Removing stm32f10x_gpio.o(.rev16_text), (4 bytes).
    Removing stm32f10x_gpio.o(.revsh_text), (4 bytes).
    Removing stm32f10x_gpio.o(.rrx_text), (6 bytes).
    Removing stm32f10x_i2c.o(.rev16_text), (4 bytes).
    Removing stm32f10x_i2c.o(.revsh_text), (4 bytes).
    Removing stm32f10x_i2c.o(.rrx_text), (6 bytes).
    Removing stm32f10x_i2c.o(.text), (912 bytes).
    Removing stm32f10x_iwdg.o(.rev16_text), (4 bytes).
    Removing stm32f10x_iwdg.o(.revsh_text), (4 bytes).
    Removing stm32f10x_iwdg.o(.rrx_text), (6 bytes).
    Removing stm32f10x_iwdg.o(.text), (60 bytes).
    Removing stm32f10x_pwr.o(.rev16_text), (4 bytes).
    Removing stm32f10x_pwr.o(.revsh_text), (4 bytes).
    Removing stm32f10x_pwr.o(.rrx_text), (6 bytes).
    Removing stm32f10x_pwr.o(.text), (172 bytes).
    Removing stm32f10x_rcc.o(.rev16_text), (4 bytes).
    Removing stm32f10x_rcc.o(.revsh_text), (4 bytes).
    Removing stm32f10x_rcc.o(.rrx_text), (6 bytes).
    Removing stm32f10x_rtc.o(.rev16_text), (4 bytes).
    Removing stm32f10x_rtc.o(.revsh_text), (4 bytes).
    Removing stm32f10x_rtc.o(.rrx_text), (6 bytes).
    Removing stm32f10x_rtc.o(.text), (276 bytes).
    Removing stm32f10x_sdio.o(.rev16_text), (4 bytes).
    Removing stm32f10x_sdio.o(.revsh_text), (4 bytes).
    Removing stm32f10x_sdio.o(.rrx_text), (6 bytes).
    Removing stm32f10x_sdio.o(.text), (432 bytes).
    Removing stm32f10x_spi.o(.rev16_text), (4 bytes).
    Removing stm32f10x_spi.o(.revsh_text), (4 bytes).
    Removing stm32f10x_spi.o(.rrx_text), (6 bytes).
    Removing stm32f10x_spi.o(.text), (692 bytes).
    Removing stm32f10x_tim.o(.rev16_text), (4 bytes).
    Removing stm32f10x_tim.o(.revsh_text), (4 bytes).
    Removing stm32f10x_tim.o(.rrx_text), (6 bytes).
    Removing stm32f10x_tim.o(.text), (3114 bytes).
    Removing stm32f10x_usart.o(.rev16_text), (4 bytes).
    Removing stm32f10x_usart.o(.revsh_text), (4 bytes).
    Removing stm32f10x_usart.o(.rrx_text), (6 bytes).
    Removing stm32f10x_wwdg.o(.rev16_text), (4 bytes).
    Removing stm32f10x_wwdg.o(.revsh_text), (4 bytes).
    Removing stm32f10x_wwdg.o(.rrx_text), (6 bytes).
    Removing stm32f10x_wwdg.o(.text), (128 bytes).
    Removing main.o(.rev16_text), (4 bytes).
    Removing main.o(.revsh_text), (4 bytes).
    Removing main.o(.rrx_text), (6 bytes).
    Removing stm32f10x_it.o(.rev16_text), (4 bytes).
    Removing stm32f10x_it.o(.revsh_text), (4 bytes).
    Removing stm32f10x_it.o(.rrx_text), (6 bytes).
    Removing bsp_usart.o(.rev16_text), (4 bytes).
    Removing bsp_usart.o(.revsh_text), (4 bytes).
    Removing bsp_usart.o(.rrx_text), (6 bytes).
    Removing bsp_led.o(.rev16_text), (4 bytes).
    Removing bsp_led.o(.revsh_text), (4 bytes).
    Removing bsp_led.o(.rrx_text), (6 bytes).
    Removing cmsis_liteos.o(.rev16_text), (4 bytes).
    Removing cmsis_liteos.o(.revsh_text), (4 bytes).
    Removing cmsis_liteos.o(.rrx_text), (6 bytes).
    Removing cmsis_liteos.o(.text), (2820 bytes).
    Removing cmsis_liteos.o(.constdata), (8 bytes).
    Removing cmsis_liteos.o(.data), (4 bytes).
    Removing los_priqueue.o(.rev16_text), (4 bytes).
    Removing los_priqueue.o(.revsh_text), (4 bytes).
    Removing los_priqueue.o(.rrx_text), (6 bytes).
    Removing los_swtmr.o(.rev16_text), (4 bytes).
    Removing los_swtmr.o(.revsh_text), (4 bytes).
    Removing los_swtmr.o(.rrx_text), (6 bytes).
    Removing los_sys.o(.rev16_text), (4 bytes).
    Removing los_sys.o(.revsh_text), (4 bytes).
    Removing los_sys.o(.rrx_text), (6 bytes).
    Removing los_task.o(.rev16_text), (4 bytes).
    Removing los_task.o(.revsh_text), (4 bytes).
    Removing los_task.o(.rrx_text), (6 bytes).
    Removing los_tick.o(.rev16_text), (4 bytes).
    Removing los_tick.o(.revsh_text), (4 bytes).
    Removing los_tick.o(.rrx_text), (6 bytes).
    Removing los_tick.o(.data), (4 bytes).
    Removing los_tick.o(.data), (4 bytes).
    Removing los_timeslice.o(.rev16_text), (4 bytes).
    Removing los_timeslice.o(.revsh_text), (4 bytes).
    Removing los_timeslice.o(.rrx_text), (6 bytes).
    Removing los_event.o(.rev16_text), (4 bytes).
    Removing los_event.o(.revsh_text), (4 bytes).
    Removing los_event.o(.rrx_text), (6 bytes).
    Removing los_event.o(.text), (508 bytes).
    Removing los_mux.o(.rev16_text), (4 bytes).
    Removing los_mux.o(.revsh_text), (4 bytes).
    Removing los_mux.o(.rrx_text), (6 bytes).
    Removing los_queue.o(.rev16_text), (4 bytes).
    Removing los_queue.o(.revsh_text), (4 bytes).
    Removing los_queue.o(.rrx_text), (6 bytes).
    Removing los_sem.o(.rev16_text), (4 bytes).
    Removing los_sem.o(.revsh_text), (4 bytes).
    Removing los_sem.o(.rrx_text), (6 bytes).
    Removing los_heap.o(.rev16_text), (4 bytes).
    Removing los_heap.o(.revsh_text), (4 bytes).
    Removing los_heap.o(.rrx_text), (6 bytes).
    Removing los_memory.o(.rev16_text), (4 bytes).
    Removing los_memory.o(.revsh_text), (4 bytes).
    Removing los_memory.o(.rrx_text), (6 bytes).
    Removing los_memstat.o(.rev16_text), (4 bytes).
    Removing los_memstat.o(.revsh_text), (4 bytes).
    Removing los_memstat.o(.rrx_text), (6 bytes).
    Removing los_slab.o(.rev16_text), (4 bytes).
    Removing los_slab.o(.revsh_text), (4 bytes).
    Removing los_slab.o(.rrx_text), (6 bytes).
    Removing los_slabmem.o(.rev16_text), (4 bytes).
    Removing los_slabmem.o(.revsh_text), (4 bytes).
    Removing los_slabmem.o(.rrx_text), (6 bytes).
    Removing los_misc.o(.rev16_text), (4 bytes).
    Removing los_misc.o(.revsh_text), (4 bytes).
    Removing los_misc.o(.rrx_text), (6 bytes).
    Removing los_err.o(.rev16_text), (4 bytes).
    Removing los_err.o(.revsh_text), (4 bytes).
    Removing los_err.o(.rrx_text), (6 bytes).
    Removing los_init.o(.rev16_text), (4 bytes).
    Removing los_init.o(.revsh_text), (4 bytes).
    Removing los_init.o(.rrx_text), (6 bytes).
    Removing los_tickless.o(.rev16_text), (4 bytes).
    Removing los_tickless.o(.revsh_text), (4 bytes).
    Removing los_tickless.o(.rrx_text), (6 bytes).
    Removing los_membox.o(.rev16_text), (4 bytes).
    Removing los_membox.o(.revsh_text), (4 bytes).
    Removing los_membox.o(.rrx_text), (6 bytes).
    Removing los_hw.o(.rev16_text), (4 bytes).
    Removing los_hw.o(.revsh_text), (4 bytes).
    Removing los_hw.o(.rrx_text), (6 bytes).
    Removing los_hw_tick.o(.rev16_text), (4 bytes).
    Removing los_hw_tick.o(.revsh_text), (4 bytes).
    Removing los_hw_tick.o(.rrx_text), (6 bytes).
    Removing los_hwi.o(.rev16_text), (4 bytes).
    Removing los_hwi.o(.revsh_text), (4 bytes).
    Removing los_hwi.o(.rrx_text), (6 bytes).
    Removing dadd.o(.text), (334 bytes).
    Removing dmul.o(.text), (228 bytes).
    Removing cdrcmple.o(.text), (48 bytes).
    Removing los_slab.o(i.osAtomicBitsetGetNumBits), (4 bytes).

187 unused section(s) (total 17822 bytes) removed from the image.

==============================================================================

Image Symbol Table

    Local Symbols

    Symbol Name                              Value     Ov Type        Size  Object(Section)

    ../clib/microlib/division.c              0x00000000   Number         0  uidiv.o ABSOLUTE
    ../clib/microlib/division.c              0x00000000   Number         0  uldiv.o ABSOLUTE
    ../clib/microlib/init/entry.s            0x00000000   Number         0  entry9b.o ABSOLUTE
    ../clib/microlib/init/entry.s            0x00000000   Number         0  entry7b.o ABSOLUTE
    ../clib/microlib/init/entry.s            0x00000000   Number         0  entry.o ABSOLUTE
    ../clib/microlib/init/entry.s            0x00000000   Number         0  entry9a.o ABSOLUTE
    ../clib/microlib/init/entry.s            0x00000000   Number         0  entry8b.o ABSOLUTE
    ../clib/microlib/init/entry.s            0x00000000   Number         0  entry8a.o ABSOLUTE
    ../clib/microlib/init/entry.s            0x00000000   Number         0  entry7a.o ABSOLUTE
    ../clib/microlib/init/entry.s            0x00000000   Number         0  entry5.o ABSOLUTE
    ../clib/microlib/init/entry.s            0x00000000   Number         0  entry11b.o ABSOLUTE
    ../clib/microlib/init/entry.s            0x00000000   Number         0  entry11a.o ABSOLUTE
    ../clib/microlib/init/entry.s            0x00000000   Number         0  entry10b.o ABSOLUTE
    ../clib/microlib/init/entry.s            0x00000000   Number         0  entry10a.o ABSOLUTE
    ../clib/microlib/init/entry.s            0x00000000   Number         0  entry2.o ABSOLUTE
    ../clib/microlib/longlong.c              0x00000000   Number         0  llushr.o ABSOLUTE
    ../clib/microlib/longlong.c              0x00000000   Number         0  llshl.o ABSOLUTE
    ../clib/microlib/longlong.c              0x00000000   Number         0  llsshr.o ABSOLUTE
    ../clib/microlib/printf/printf.c         0x00000000   Number         0  printf0.o ABSOLUTE
    ../clib/microlib/printf/printf.c         0x00000000   Number         0  printf1.o ABSOLUTE
    ../clib/microlib/printf/printf.c         0x00000000   Number         0  printf2.o ABSOLUTE
    ../clib/microlib/printf/printf.c         0x00000000   Number         0  printf3.o ABSOLUTE
    ../clib/microlib/printf/printf.c         0x00000000   Number         0  printf6.o ABSOLUTE
    ../clib/microlib/printf/printf.c         0x00000000   Number         0  printf8.o ABSOLUTE
    ../clib/microlib/printf/printf.c         0x00000000   Number         0  printf5.o ABSOLUTE
    ../clib/microlib/printf/printf.c         0x00000000   Number         0  printfa.o ABSOLUTE
    ../clib/microlib/printf/printf.c         0x00000000   Number         0  printfb.o ABSOLUTE
    ../clib/microlib/printf/printf.c         0x00000000   Number         0  printf4.o ABSOLUTE
    ../clib/microlib/printf/printf.c         0x00000000   Number         0  printf7.o ABSOLUTE
    ../clib/microlib/printf/stubs.s          0x00000000   Number         0  stubs.o ABSOLUTE
    ../clib/microlib/stdio/streams.c         0x00000000   Number         0  stdout.o ABSOLUTE
    ../clib/microlib/string/memcpy.c         0x00000000   Number         0  memcpyb.o ABSOLUTE
    ../clib/microlib/string/memcpy.c         0x00000000   Number         0  memcpya.o ABSOLUTE
    ../clib/microlib/string/memset.c         0x00000000   Number         0  memseta.o ABSOLUTE
    ../clib/microlib/string/strncpy.c        0x00000000   Number         0  strncpy.o ABSOLUTE
    ../clib/microlib/stubs.s                 0x00000000   Number         0  iusefp.o ABSOLUTE
    ../fplib/microlib/fpadd.c                0x00000000   Number         0  dadd.o ABSOLUTE
    ../fplib/microlib/fpdiv.c                0x00000000   Number         0  ddiv.o ABSOLUTE
    ../fplib/microlib/fpepilogue.c           0x00000000   Number         0  depilogue.o ABSOLUTE
    ../fplib/microlib/fpfix.c                0x00000000   Number         0  dfixul.o ABSOLUTE
    ../fplib/microlib/fpflt.c                0x00000000   Number         0  dfltul.o ABSOLUTE
    ../fplib/microlib/fpflt.c                0x00000000   Number         0  dfltui.o ABSOLUTE
    ../fplib/microlib/fpmul.c                0x00000000   Number         0  dmul.o ABSOLUTE
    ..\..\Libraries\CMSIS\core_cm3.c         0x00000000   Number         0  core_cm3.o ABSOLUTE
    ..\..\Libraries\CMSIS\startup\startup_stm32f10x_hd.s 0x00000000   Number         0  startup_stm32f10x_hd.o ABSOLUTE
    ..\..\Libraries\CMSIS\system_stm32f10x.c 0x00000000   Number         0  system_stm32f10x.o ABSOLUTE
    ..\..\Libraries\FWlib\src\misc.c         0x00000000   Number         0  misc.o ABSOLUTE
    ..\..\Libraries\FWlib\src\stm32f10x_adc.c 0x00000000   Number         0  stm32f10x_adc.o ABSOLUTE
    ..\..\Libraries\FWlib\src\stm32f10x_bkp.c 0x00000000   Number         0  stm32f10x_bkp.o ABSOLUTE
    ..\..\Libraries\FWlib\src\stm32f10x_can.c 0x00000000   Number         0  stm32f10x_can.o ABSOLUTE
    ..\..\Libraries\FWlib\src\stm32f10x_cec.c 0x00000000   Number         0  stm32f10x_cec.o ABSOLUTE
    ..\..\Libraries\FWlib\src\stm32f10x_crc.c 0x00000000   Number         0  stm32f10x_crc.o ABSOLUTE
    ..\..\Libraries\FWlib\src\stm32f10x_dac.c 0x00000000   Number         0  stm32f10x_dac.o ABSOLUTE
    ..\..\Libraries\FWlib\src\stm32f10x_dbgmcu.c 0x00000000   Number         0  stm32f10x_dbgmcu.o ABSOLUTE
    ..\..\Libraries\FWlib\src\stm32f10x_dma.c 0x00000000   Number         0  stm32f10x_dma.o ABSOLUTE
    ..\..\Libraries\FWlib\src\stm32f10x_exti.c 0x00000000   Number         0  stm32f10x_exti.o ABSOLUTE
    ..\..\Libraries\FWlib\src\stm32f10x_flash.c 0x00000000   Number         0  stm32f10x_flash.o ABSOLUTE
    ..\..\Libraries\FWlib\src\stm32f10x_fsmc.c 0x00000000   Number         0  stm32f10x_fsmc.o ABSOLUTE
    ..\..\Libraries\FWlib\src\stm32f10x_gpio.c 0x00000000   Number         0  stm32f10x_gpio.o ABSOLUTE
    ..\..\Libraries\FWlib\src\stm32f10x_i2c.c 0x00000000   Number         0  stm32f10x_i2c.o ABSOLUTE
    ..\..\Libraries\FWlib\src\stm32f10x_iwdg.c 0x00000000   Number         0  stm32f10x_iwdg.o ABSOLUTE
    ..\..\Libraries\FWlib\src\stm32f10x_pwr.c 0x00000000   Number         0  stm32f10x_pwr.o ABSOLUTE
    ..\..\Libraries\FWlib\src\stm32f10x_rcc.c 0x00000000   Number         0  stm32f10x_rcc.o ABSOLUTE
    ..\..\Libraries\FWlib\src\stm32f10x_rtc.c 0x00000000   Number         0  stm32f10x_rtc.o ABSOLUTE
    ..\..\Libraries\FWlib\src\stm32f10x_sdio.c 0x00000000   Number         0  stm32f10x_sdio.o ABSOLUTE
    ..\..\Libraries\FWlib\src\stm32f10x_spi.c 0x00000000   Number         0  stm32f10x_spi.o ABSOLUTE
    ..\..\Libraries\FWlib\src\stm32f10x_tim.c 0x00000000   Number         0  stm32f10x_tim.o ABSOLUTE
    ..\..\Libraries\FWlib\src\stm32f10x_usart.c 0x00000000   Number         0  stm32f10x_usart.o ABSOLUTE
    ..\..\Libraries\FWlib\src\stm32f10x_wwdg.c 0x00000000   Number         0  stm32f10x_wwdg.o ABSOLUTE
    ..\..\User\Bsp\Led\bsp_led.c             0x00000000   Number         0  bsp_led.o ABSOLUTE
    ..\..\User\Bsp\usart\bsp_usart.c         0x00000000   Number         0  bsp_usart.o ABSOLUTE
    ..\..\User\main.c                        0x00000000   Number         0  main.o ABSOLUTE
    ..\..\User\stm32f10x_it.c                0x00000000   Number         0  stm32f10x_it.o ABSOLUTE
    ..\..\liteos\arch\arm\arm-m\cortex-m3\keil\los_dispatch_keil.S 0x00000000   Number         0  los_dispatch_keil.o ABSOLUTE
    ..\..\liteos\arch\arm\arm-m\src\los_hw.c 0x00000000   Number         0  los_hw.o ABSOLUTE
    ..\..\liteos\arch\arm\arm-m\src\los_hw_tick.c 0x00000000   Number         0  los_hw_tick.o ABSOLUTE
    ..\..\liteos\arch\arm\arm-m\src\los_hwi.c 0x00000000   Number         0  los_hwi.o ABSOLUTE
    ..\..\liteos\cmsis\cmsis_liteos.c        0x00000000   Number         0  cmsis_liteos.o ABSOLUTE
    ..\..\liteos\kernel\base\core\los_priqueue.c 0x00000000   Number         0  los_priqueue.o ABSOLUTE
    ..\..\liteos\kernel\base\core\los_swtmr.c 0x00000000   Number         0  los_swtmr.o ABSOLUTE
    ..\..\liteos\kernel\base\core\los_sys.c  0x00000000   Number         0  los_sys.o ABSOLUTE
    ..\..\liteos\kernel\base\core\los_task.c 0x00000000   Number         0  los_task.o ABSOLUTE
    ..\..\liteos\kernel\base\core\los_tick.c 0x00000000   Number         0  los_tick.o ABSOLUTE
    ..\..\liteos\kernel\base\core\los_timeslice.c 0x00000000   Number         0  los_timeslice.o ABSOLUTE
    ..\..\liteos\kernel\base\ipc\los_event.c 0x00000000   Number         0  los_event.o ABSOLUTE
    ..\..\liteos\kernel\base\ipc\los_mux.c   0x00000000   Number         0  los_mux.o ABSOLUTE
    ..\..\liteos\kernel\base\ipc\los_queue.c 0x00000000   Number         0  los_queue.o ABSOLUTE
    ..\..\liteos\kernel\base\ipc\los_sem.c   0x00000000   Number         0  los_sem.o ABSOLUTE
    ..\..\liteos\kernel\base\mem\bestfit\los_membox.c 0x00000000   Number         0  los_membox.o ABSOLUTE
    ..\..\liteos\kernel\base\mem\bestfit_little\los_heap.c 0x00000000   Number         0  los_heap.o ABSOLUTE
    ..\..\liteos\kernel\base\mem\bestfit_little\los_memory.c 0x00000000   Number         0  los_memory.o ABSOLUTE
    ..\..\liteos\kernel\base\mem\common\los_memstat.c 0x00000000   Number         0  los_memstat.o ABSOLUTE
    ..\..\liteos\kernel\base\mem\common\los_slab.c 0x00000000   Number         0  los_slab.o ABSOLUTE
    ..\..\liteos\kernel\base\mem\common\los_slabmem.c 0x00000000   Number         0  los_slabmem.o ABSOLUTE
    ..\..\liteos\kernel\base\misc\los_misc.c 0x00000000   Number         0  los_misc.o ABSOLUTE
    ..\..\liteos\kernel\base\om\los_err.c    0x00000000   Number         0  los_err.o ABSOLUTE
    ..\..\liteos\kernel\extended\tickless\los_tickless.c 0x00000000   Number         0  los_tickless.o ABSOLUTE
    ..\..\liteos\kernel\los_init.c           0x00000000   Number         0  los_init.o ABSOLUTE
    ..\\..\\Libraries\\CMSIS\\core_cm3.c     0x00000000   Number         0  core_cm3.o ABSOLUTE
    ..\\..\\Libraries\\CMSIS\\system_stm32f10x.c 0x00000000   Number         0  system_stm32f10x.o ABSOLUTE
    ..\\..\\Libraries\\FWlib\\src\\misc.c    0x00000000   Number         0  misc.o ABSOLUTE
    ..\\..\\Libraries\\FWlib\\src\\stm32f10x_adc.c 0x00000000   Number         0  stm32f10x_adc.o ABSOLUTE
    ..\\..\\Libraries\\FWlib\\src\\stm32f10x_bkp.c 0x00000000   Number         0  stm32f10x_bkp.o ABSOLUTE
    ..\\..\\Libraries\\FWlib\\src\\stm32f10x_can.c 0x00000000   Number         0  stm32f10x_can.o ABSOLUTE
    ..\\..\\Libraries\\FWlib\\src\\stm32f10x_cec.c 0x00000000   Number         0  stm32f10x_cec.o ABSOLUTE
    ..\\..\\Libraries\\FWlib\\src\\stm32f10x_crc.c 0x00000000   Number         0  stm32f10x_crc.o ABSOLUTE
    ..\\..\\Libraries\\FWlib\\src\\stm32f10x_dac.c 0x00000000   Number         0  stm32f10x_dac.o ABSOLUTE
    ..\\..\\Libraries\\FWlib\\src\\stm32f10x_dbgmcu.c 0x00000000   Number         0  stm32f10x_dbgmcu.o ABSOLUTE
    ..\\..\\Libraries\\FWlib\\src\\stm32f10x_dma.c 0x00000000   Number         0  stm32f10x_dma.o ABSOLUTE
    ..\\..\\Libraries\\FWlib\\src\\stm32f10x_exti.c 0x00000000   Number         0  stm32f10x_exti.o ABSOLUTE
    ..\\..\\Libraries\\FWlib\\src\\stm32f10x_flash.c 0x00000000   Number         0  stm32f10x_flash.o ABSOLUTE
    ..\\..\\Libraries\\FWlib\\src\\stm32f10x_fsmc.c 0x00000000   Number         0  stm32f10x_fsmc.o ABSOLUTE
    ..\\..\\Libraries\\FWlib\\src\\stm32f10x_gpio.c 0x00000000   Number         0  stm32f10x_gpio.o ABSOLUTE
    ..\\..\\Libraries\\FWlib\\src\\stm32f10x_i2c.c 0x00000000   Number         0  stm32f10x_i2c.o ABSOLUTE
    ..\\..\\Libraries\\FWlib\\src\\stm32f10x_iwdg.c 0x00000000   Number         0  stm32f10x_iwdg.o ABSOLUTE
    ..\\..\\Libraries\\FWlib\\src\\stm32f10x_pwr.c 0x00000000   Number         0  stm32f10x_pwr.o ABSOLUTE
    ..\\..\\Libraries\\FWlib\\src\\stm32f10x_rcc.c 0x00000000   Number         0  stm32f10x_rcc.o ABSOLUTE
    ..\\..\\Libraries\\FWlib\\src\\stm32f10x_rtc.c 0x00000000   Number         0  stm32f10x_rtc.o ABSOLUTE
    ..\\..\\Libraries\\FWlib\\src\\stm32f10x_sdio.c 0x00000000   Number         0  stm32f10x_sdio.o ABSOLUTE
    ..\\..\\Libraries\\FWlib\\src\\stm32f10x_spi.c 0x00000000   Number         0  stm32f10x_spi.o ABSOLUTE
    ..\\..\\Libraries\\FWlib\\src\\stm32f10x_tim.c 0x00000000   Number         0  stm32f10x_tim.o ABSOLUTE
    ..\\..\\Libraries\\FWlib\\src\\stm32f10x_usart.c 0x00000000   Number         0  stm32f10x_usart.o ABSOLUTE
    ..\\..\\Libraries\\FWlib\\src\\stm32f10x_wwdg.c 0x00000000   Number         0  stm32f10x_wwdg.o ABSOLUTE
    ..\\..\\User\\Bsp\\Led\\bsp_led.c        0x00000000   Number         0  bsp_led.o ABSOLUTE
    ..\\..\\User\\Bsp\\usart\\bsp_usart.c    0x00000000   Number         0  bsp_usart.o ABSOLUTE
    ..\\..\\User\\main.c                     0x00000000   Number         0  main.o ABSOLUTE
    ..\\..\\User\\stm32f10x_it.c             0x00000000   Number         0  stm32f10x_it.o ABSOLUTE
    ..\\..\\liteos\\arch\\arm\\arm-m\\src\\los_hw.c 0x00000000   Number         0  los_hw.o ABSOLUTE
    ..\\..\\liteos\\arch\\arm\\arm-m\\src\\los_hw_tick.c 0x00000000   Number         0  los_hw_tick.o ABSOLUTE
    ..\\..\\liteos\\arch\\arm\\arm-m\\src\\los_hwi.c 0x00000000   Number         0  los_hwi.o ABSOLUTE
    ..\\..\\liteos\\cmsis\\cmsis_liteos.c    0x00000000   Number         0  cmsis_liteos.o ABSOLUTE
    ..\\..\\liteos\\kernel\\base\\core\\los_priqueue.c 0x00000000   Number         0  los_priqueue.o ABSOLUTE
    ..\\..\\liteos\\kernel\\base\\core\\los_swtmr.c 0x00000000   Number         0  los_swtmr.o ABSOLUTE
    ..\\..\\liteos\\kernel\\base\\core\\los_sys.c 0x00000000   Number         0  los_sys.o ABSOLUTE
    ..\\..\\liteos\\kernel\\base\\core\\los_task.c 0x00000000   Number         0  los_task.o ABSOLUTE
    ..\\..\\liteos\\kernel\\base\\core\\los_tick.c 0x00000000   Number         0  los_tick.o ABSOLUTE
    ..\\..\\liteos\\kernel\\base\\core\\los_timeslice.c 0x00000000   Number         0  los_timeslice.o ABSOLUTE
    ..\\..\\liteos\\kernel\\base\\ipc\\los_event.c 0x00000000   Number         0  los_event.o ABSOLUTE
    ..\\..\\liteos\\kernel\\base\\ipc\\los_mux.c 0x00000000   Number         0  los_mux.o ABSOLUTE
    ..\\..\\liteos\\kernel\\base\\ipc\\los_queue.c 0x00000000   Number         0  los_queue.o ABSOLUTE
    ..\\..\\liteos\\kernel\\base\\ipc\\los_sem.c 0x00000000   Number         0  los_sem.o ABSOLUTE
    ..\\..\\liteos\\kernel\\base\\mem\\bestfit\\los_membox.c 0x00000000   Number         0  los_membox.o ABSOLUTE
    ..\\..\\liteos\\kernel\\base\\mem\\bestfit_little\\los_heap.c 0x00000000   Number         0  los_heap.o ABSOLUTE
    ..\\..\\liteos\\kernel\\base\\mem\\bestfit_little\\los_memory.c 0x00000000   Number         0  los_memory.o ABSOLUTE
    ..\\..\\liteos\\kernel\\base\\mem\\common\\los_memstat.c 0x00000000   Number         0  los_memstat.o ABSOLUTE
    ..\\..\\liteos\\kernel\\base\\mem\\common\\los_slab.c 0x00000000   Number         0  los_slab.o ABSOLUTE
    ..\\..\\liteos\\kernel\\base\\mem\\common\\los_slabmem.c 0x00000000   Number         0  los_slabmem.o ABSOLUTE
    ..\\..\\liteos\\kernel\\base\\misc\\los_misc.c 0x00000000   Number         0  los_misc.o ABSOLUTE
    ..\\..\\liteos\\kernel\\base\\om\\los_err.c 0x00000000   Number         0  los_err.o ABSOLUTE
    ..\\..\\liteos\\kernel\\extended\\tickless\\los_tickless.c 0x00000000   Number         0  los_tickless.o ABSOLUTE
    ..\\..\\liteos\\kernel\\los_init.c       0x00000000   Number         0  los_init.o ABSOLUTE
    cdrcmple.s                               0x00000000   Number         0  cdrcmple.o ABSOLUTE
    dc.s                                     0x00000000   Number         0  dc.o ABSOLUTE
    handlers.s                               0x00000000   Number         0  handlers.o ABSOLUTE
    init.s                                   0x00000000   Number         0  init.o ABSOLUTE
    RESET                                    0x08000000   Section      304  startup_stm32f10x_hd.o(RESET)
    .ARM.Collect$$$$00000000                 0x08000130   Section        0  entry.o(.ARM.Collect$$$$00000000)
    .ARM.Collect$$$$00000001                 0x08000130   Section        4  entry2.o(.ARM.Collect$$$$00000001)
    .ARM.Collect$$$$00000004                 0x08000134   Section        4  entry5.o(.ARM.Collect$$$$00000004)
    .ARM.Collect$$$$00000008                 0x08000138   Section        0  entry7b.o(.ARM.Collect$$$$00000008)
    .ARM.Collect$$$$0000000A                 0x08000138   Section        0  entry8b.o(.ARM.Collect$$$$0000000A)
    .ARM.Collect$$$$0000000B                 0x08000138   Section        8  entry9a.o(.ARM.Collect$$$$0000000B)
    .ARM.Collect$$$$0000000D                 0x08000140   Section        0  entry10a.o(.ARM.Collect$$$$0000000D)
    .ARM.Collect$$$$0000000F                 0x08000140   Section        0  entry11a.o(.ARM.Collect$$$$0000000F)
    .ARM.Collect$$$$00002712                 0x08000140   Section        4  entry2.o(.ARM.Collect$$$$00002712)
    __lit__00000000                          0x08000140   Data           4  entry2.o(.ARM.Collect$$$$00002712)
    .text                                    0x08000144   Section       36  startup_stm32f10x_hd.o(.text)
    .text                                    0x08000168   Section        0  system_stm32f10x.o(.text)
    SetSysClockTo72                          0x08000169   Thumb Code   166  system_stm32f10x.o(.text)
    SetSysClock                              0x0800020f   Thumb Code     2  system_stm32f10x.o(.text)
    .text                                    0x080002dc   Section        0  misc.o(.text)
    .text                                    0x08000394   Section        0  stm32f10x_gpio.o(.text)
    .text                                    0x0800062c   Section        0  stm32f10x_rcc.o(.text)
    .text                                    0x08000920   Section        0  stm32f10x_usart.o(.text)
    .text                                    0x08000cbc   Section        0  main.o(.text)
    Test2_Task                               0x08000cbd   Thumb Code    28  main.o(.text)
    Creat_Test2_Task                         0x08000cd9   Thumb Code    36  main.o(.text)
    Test1_Task                               0x08000cfd   Thumb Code    28  main.o(.text)
    Creat_Test1_Task                         0x08000d19   Thumb Code    36  main.o(.text)
    BSP_Init                                 0x08000d3d   Thumb Code    22  main.o(.text)
    .text                                    0x08000e90   Section        0  stm32f10x_it.o(.text)
    .text                                    0x08000ea0   Section        0  bsp_usart.o(.text)
    NVIC_Configuration                       0x08000ea1   Thumb Code    38  bsp_usart.o(.text)
    .text                                    0x08001030   Section        0  bsp_led.o(.text)
    .text                                    0x08001090   Section        0  los_priqueue.o(.text)
    .text                                    0x0800114c   Section        0  los_swtmr.o(.text)
    osSwTmrTimeoutHandle                     0x080013f3   Thumb Code   102  los_swtmr.o(.text)
    osSwtmrDelete                            0x08001813   Thumb Code    26  los_swtmr.o(.text)
    .text                                    0x08001838   Section        0  los_sys.o(.text)
    .text                                    0x08001920   Section        0  los_task.o(.text)
    LOS_ListAdd                              0x0800286b   Thumb Code    14  los_task.o(.text)
    LOS_ListTailInsert                       0x08002879   Thumb Code     4  los_task.o(.text)
    LOS_ListDelete                           0x0800287d   Thumb Code    20  los_task.o(.text)
    LOS_ListEmpty                            0x08002891   Thumb Code    14  los_task.o(.text)
    .text                                    0x080028ac   Section        0  los_tick.o(.text)
    .text                                    0x080028d8   Section        0  los_timeslice.o(.text)
    .text                                    0x0800291c   Section        0  los_mux.o(.text)
    LOS_ListAdd                              0x08002c33   Thumb Code    14  los_mux.o(.text)
    LOS_ListEmpty                            0x08002c41   Thumb Code    14  los_mux.o(.text)
    .text                                    0x08002ca8   Section        0  los_queue.o(.text)
    osQueueReadParameterCheck                0x08002db3   Thumb Code    50  los_queue.o(.text)
    osQueueWriteParameterCheck               0x08002de5   Thumb Code    48  los_queue.o(.text)
    osQueueBufferOperate                     0x08002e15   Thumb Code   158  los_queue.o(.text)
    LOS_ListAdd                              0x0800337f   Thumb Code    14  los_queue.o(.text)
    LOS_ListEmpty                            0x0800338d   Thumb Code    14  los_queue.o(.text)
    .text                                    0x080033ac   Section        0  los_sem.o(.text)
    LOS_ListAdd                              0x08003689   Thumb Code    14  los_sem.o(.text)
    LOS_ListEmpty                            0x08003697   Thumb Code    14  los_sem.o(.text)
    .text                                    0x08003720   Section        0  los_heap.o(.text)
    .text                                    0x08003a28   Section        0  los_memory.o(.text)
    .text                                    0x08003d50   Section        0  los_slab.o(.text)
    .text                                    0x08003fc0   Section        0  los_slabmem.o(.text)
    .text                                    0x08004240   Section        0  los_misc.o(.text)
    .text                                    0x0800427c   Section        0  los_err.o(.text)
    .text                                    0x080042a8   Section        0  los_init.o(.text)
    osRegister                               0x080042bb   Thumb Code     8  los_init.o(.text)
    .text                                    0x080043f8   Section        0  los_membox.o(.text)
    .text                                    0x080044dc   Section      208  los_dispatch_keil.o(.text)
    .text                                    0x080045ac   Section        0  los_hw.o(.text)
    .text                                    0x08004680   Section        0  los_hw_tick.o(.text)
    .text                                    0x080047b4   Section        0  los_hwi.o(.text)
    .text                                    0x080047c2   Section        0  uldiv.o(.text)
    .text                                    0x08004824   Section        0  memcpya.o(.text)
    .text                                    0x08004848   Section        0  memseta.o(.text)
    .text                                    0x0800486c   Section        0  strncpy.o(.text)
    .text                                    0x08004884   Section        0  ddiv.o(.text)
    .text                                    0x08004962   Section        0  dfltui.o(.text)
    .text                                    0x0800497c   Section        0  dfltul.o(.text)
    .text                                    0x08004994   Section        0  dfixul.o(.text)
    .text                                    0x080049c4   Section        0  llshl.o(.text)
    .text                                    0x080049e2   Section        0  llushr.o(.text)
    .text                                    0x08004a02   Section        0  depilogue.o(.text)
    .text                                    0x08004a02   Section        0  iusefp.o(.text)
    .text                                    0x08004abc   Section       36  init.o(.text)
    i.__0printf$8                            0x08004ae0   Section        0  printf8.o(i.__0printf$8)
    i.__scatterload_copy                     0x08004b00   Section       14  handlers.o(i.__scatterload_copy)
    i.__scatterload_null                     0x08004b0e   Section        2  handlers.o(i.__scatterload_null)
    i.__scatterload_zeroinit                 0x08004b10   Section       14  handlers.o(i.__scatterload_zeroinit)
    i._printf_core                           0x08004b20   Section        0  printf8.o(i._printf_core)
    _printf_core                             0x08004b21   Thumb Code   996  printf8.o(i._printf_core)
    i._printf_post_padding                   0x08004f30   Section        0  printf8.o(i._printf_post_padding)
    _printf_post_padding                     0x08004f31   Thumb Code    36  printf8.o(i._printf_post_padding)
    i._printf_pre_padding                    0x08004f54   Section        0  printf8.o(i._printf_pre_padding)
    _printf_pre_padding                      0x08004f55   Thumb Code    46  printf8.o(i._printf_pre_padding)
    .conststring                             0x08004f84   Section      336  los_task.o(.conststring)
    .data                                    0x20000000   Section       20  system_stm32f10x.o(.data)
    .data                                    0x20000014   Section       20  stm32f10x_rcc.o(.data)
    ADCPrescTable                            0x20000014   Data           4  stm32f10x_rcc.o(.data)
    APBAHBPrescTable                         0x20000018   Data          16  stm32f10x_rcc.o(.data)
    .data                                    0x20000028   Section        8  main.o(.data)
    .data                                    0x20000030   Section        4  los_priqueue.o(.data)
    .data                                    0x20000034   Section       28  los_swtmr.o(.data)
    m_uwSwtimerRousesTime                    0x20000034   Data           4  los_swtmr.o(.data)
    m_pstRouses                              0x20000038   Data           4  los_swtmr.o(.data)
    m_pstRousesPrev                          0x2000003c   Data           4  los_swtmr.o(.data)
    .data                                    0x20000050   Section       72  los_task.o(.data)
    .data                                    0x20000098   Section       16  los_tick.o(.data)
    .data                                    0x200000a8   Section        4  los_tick.o(.data)
    .data                                    0x200000ac   Section        8  los_timeslice.o(.data)
    .data                                    0x200000b4   Section       12  los_mux.o(.data)
    .data                                    0x200000c0   Section       12  los_queue.o(.data)
    .data                                    0x200000cc   Section       12  los_sem.o(.data)
    .data                                    0x200000d8   Section       16  los_heap.o(.data)
    g_uwAllocCount                           0x200000d8   Data           4  los_heap.o(.data)
    g_uwFreeCount                            0x200000dc   Data           4  los_heap.o(.data)
    g_uwCurHeapUsed                          0x200000e0   Data           4  los_heap.o(.data)
    g_uwMaxHeapUsed                          0x200000e4   Data           4  los_heap.o(.data)
    .data                                    0x200000e8   Section        4  los_memory.o(.data)
    .data                                    0x200000ec   Section        4  los_err.o(.data)
    .data                                    0x200000f0   Section        4  los_init.o(.data)
    .data                                    0x200000f4   Section        4  stdout.o(.data)
    .bss                                     0x200000f8   Section       64  los_swtmr.o(.bss)
    .bss                                     0x20000138   Section      342  los_task.o(.bss)
    STACK                                    0x20000290   Section     1024  startup_stm32f10x_hd.o(STACK)

    Global Symbols

    Symbol Name                              Value     Ov Type        Size  Object(Section)

    BuildAttributes$$THM_ISAv4$P$D$K$B$S$PE$A:L22UL41UL21$X:L11$S22US41US21$IEEE1$IW$USESV6$~STKCKD$USESV7$~SHL$OSPACE$ROPI$EBA8$MICROLIB$REQ8$PRES8$EABIv2 0x00000000   Number         0  anon$$obj.o ABSOLUTE
    __ARM_use_no_argv                        0x00000000   Number         0  main.o ABSOLUTE
    _printf_a                                0x00000000   Number         0  stubs.o ABSOLUTE
    _printf_c                                0x00000000   Number         0  stubs.o ABSOLUTE
    _printf_charcount                        0x00000000   Number         0  stubs.o ABSOLUTE
    _printf_d                                0x00000000   Number         0  stubs.o ABSOLUTE
    _printf_e                                0x00000000   Number         0  stubs.o ABSOLUTE
    _printf_f                                0x00000000   Number         0  stubs.o ABSOLUTE
    _printf_flags                            0x00000000   Number         0  stubs.o ABSOLUTE
    _printf_fp_dec                           0x00000000   Number         0  stubs.o ABSOLUTE
    _printf_fp_hex                           0x00000000   Number         0  stubs.o ABSOLUTE
    _printf_g                                0x00000000   Number         0  stubs.o ABSOLUTE
    _printf_i                                0x00000000   Number         0  stubs.o ABSOLUTE
    _printf_int_dec                          0x00000000   Number         0  stubs.o ABSOLUTE
    _printf_l                                0x00000000   Number         0  stubs.o ABSOLUTE
    _printf_lc                               0x00000000   Number         0  stubs.o ABSOLUTE
    _printf_ll                               0x00000000   Number         0  stubs.o ABSOLUTE
    _printf_lld                              0x00000000   Number         0  stubs.o ABSOLUTE
    _printf_lli                              0x00000000   Number         0  stubs.o ABSOLUTE
    _printf_llo                              0x00000000   Number         0  stubs.o ABSOLUTE
    _printf_llu                              0x00000000   Number         0  stubs.o ABSOLUTE
    _printf_llx                              0x00000000   Number         0  stubs.o ABSOLUTE
    _printf_longlong_dec                     0x00000000   Number         0  stubs.o ABSOLUTE
    _printf_longlong_hex                     0x00000000   Number         0  stubs.o ABSOLUTE
    _printf_longlong_oct                     0x00000000   Number         0  stubs.o ABSOLUTE
    _printf_ls                               0x00000000   Number         0  stubs.o ABSOLUTE
    _printf_mbtowc                           0x00000000   Number         0  stubs.o ABSOLUTE
    _printf_n                                0x00000000   Number         0  stubs.o ABSOLUTE
    _printf_o                                0x00000000   Number         0  stubs.o ABSOLUTE
    _printf_p                                0x00000000   Number         0  stubs.o ABSOLUTE
    _printf_percent                          0x00000000   Number         0  stubs.o ABSOLUTE
    _printf_pre_padding                      0x00000000   Number         0  stubs.o ABSOLUTE
    _printf_return_value                     0x00000000   Number         0  stubs.o ABSOLUTE
    _printf_s                                0x00000000   Number         0  stubs.o ABSOLUTE
    _printf_sizespec                         0x00000000   Number         0  stubs.o ABSOLUTE
    _printf_str                              0x00000000   Number         0  stubs.o ABSOLUTE
    _printf_truncate_signed                  0x00000000   Number         0  stubs.o ABSOLUTE
    _printf_truncate_unsigned                0x00000000   Number         0  stubs.o ABSOLUTE
    _printf_u                                0x00000000   Number         0  stubs.o ABSOLUTE
    _printf_wc                               0x00000000   Number         0  stubs.o ABSOLUTE
    _printf_wctomb                           0x00000000   Number         0  stubs.o ABSOLUTE
    _printf_widthprec                        0x00000000   Number         0  stubs.o ABSOLUTE
    _printf_x                                0x00000000   Number         0  stubs.o ABSOLUTE
    __cpp_initialize__aeabi_                  - Undefined Weak Reference
    __cxa_finalize                            - Undefined Weak Reference
    __decompress                              - Undefined Weak Reference
    _clock_init                               - Undefined Weak Reference
    _microlib_exit                            - Undefined Weak Reference
    __Vectors_Size                           0x00000130   Number         0  startup_stm32f10x_hd.o ABSOLUTE
    __Vectors                                0x08000000   Data           4  startup_stm32f10x_hd.o(RESET)
    __Vectors_End                            0x08000130   Data           0  startup_stm32f10x_hd.o(RESET)
    __main                                   0x08000131   Thumb Code     0  entry.o(.ARM.Collect$$$$00000000)
    _main_stk                                0x08000131   Thumb Code     0  entry2.o(.ARM.Collect$$$$00000001)
    _main_scatterload                        0x08000135   Thumb Code     0  entry5.o(.ARM.Collect$$$$00000004)
    __main_after_scatterload                 0x08000139   Thumb Code     0  entry5.o(.ARM.Collect$$$$00000004)
    _main_clock                              0x08000139   Thumb Code     0  entry7b.o(.ARM.Collect$$$$00000008)
    _main_cpp_init                           0x08000139   Thumb Code     0  entry8b.o(.ARM.Collect$$$$0000000A)
    _main_init                               0x08000139   Thumb Code     0  entry9a.o(.ARM.Collect$$$$0000000B)
    __rt_final_cpp                           0x08000141   Thumb Code     0  entry10a.o(.ARM.Collect$$$$0000000D)
    __rt_final_exit                          0x08000141   Thumb Code     0  entry11a.o(.ARM.Collect$$$$0000000F)
    Reset_Handler                            0x08000145   Thumb Code     8  startup_stm32f10x_hd.o(.text)
    ADC1_2_IRQHandler                        0x0800015f   Thumb Code     0  startup_stm32f10x_hd.o(.text)
    ADC3_IRQHandler                          0x0800015f   Thumb Code     0  startup_stm32f10x_hd.o(.text)
    CAN1_RX1_IRQHandler                      0x0800015f   Thumb Code     0  startup_stm32f10x_hd.o(.text)
    CAN1_SCE_IRQHandler                      0x0800015f   Thumb Code     0  startup_stm32f10x_hd.o(.text)
    DMA1_Channel1_IRQHandler                 0x0800015f   Thumb Code     0  startup_stm32f10x_hd.o(.text)
    DMA1_Channel2_IRQHandler                 0x0800015f   Thumb Code     0  startup_stm32f10x_hd.o(.text)
    DMA1_Channel3_IRQHandler                 0x0800015f   Thumb Code     0  startup_stm32f10x_hd.o(.text)
    DMA1_Channel4_IRQHandler                 0x0800015f   Thumb Code     0  startup_stm32f10x_hd.o(.text)
    DMA1_Channel5_IRQHandler                 0x0800015f   Thumb Code     0  startup_stm32f10x_hd.o(.text)
    DMA1_Channel6_IRQHandler                 0x0800015f   Thumb Code     0  startup_stm32f10x_hd.o(.text)
    DMA1_Channel7_IRQHandler                 0x0800015f   Thumb Code     0  startup_stm32f10x_hd.o(.text)
    DMA2_Channel1_IRQHandler                 0x0800015f   Thumb Code     0  startup_stm32f10x_hd.o(.text)
    DMA2_Channel2_IRQHandler                 0x0800015f   Thumb Code     0  startup_stm32f10x_hd.o(.text)
    DMA2_Channel3_IRQHandler                 0x0800015f   Thumb Code     0  startup_stm32f10x_hd.o(.text)
    DMA2_Channel4_5_IRQHandler               0x0800015f   Thumb Code     0  startup_stm32f10x_hd.o(.text)
    EXTI0_IRQHandler                         0x0800015f   Thumb Code     0  startup_stm32f10x_hd.o(.text)
    EXTI15_10_IRQHandler                     0x0800015f   Thumb Code     0  startup_stm32f10x_hd.o(.text)
    EXTI1_IRQHandler                         0x0800015f   Thumb Code     0  startup_stm32f10x_hd.o(.text)
    EXTI2_IRQHandler                         0x0800015f   Thumb Code     0  startup_stm32f10x_hd.o(.text)
    EXTI3_IRQHandler                         0x0800015f   Thumb Code     0  startup_stm32f10x_hd.o(.text)
    EXTI4_IRQHandler                         0x0800015f   Thumb Code     0  startup_stm32f10x_hd.o(.text)
    EXTI9_5_IRQHandler                       0x0800015f   Thumb Code     0  startup_stm32f10x_hd.o(.text)
    FLASH_IRQHandler                         0x0800015f   Thumb Code     0  startup_stm32f10x_hd.o(.text)
    FSMC_IRQHandler                          0x0800015f   Thumb Code     0  startup_stm32f10x_hd.o(.text)
    I2C1_ER_IRQHandler                       0x0800015f   Thumb Code     0  startup_stm32f10x_hd.o(.text)
    I2C1_EV_IRQHandler                       0x0800015f   Thumb Code     0  startup_stm32f10x_hd.o(.text)
    I2C2_ER_IRQHandler                       0x0800015f   Thumb Code     0  startup_stm32f10x_hd.o(.text)
    I2C2_EV_IRQHandler                       0x0800015f   Thumb Code     0  startup_stm32f10x_hd.o(.text)
    PVD_IRQHandler                           0x0800015f   Thumb Code     0  startup_stm32f10x_hd.o(.text)
    RCC_IRQHandler                           0x0800015f   Thumb Code     0  startup_stm32f10x_hd.o(.text)
    RTCAlarm_IRQHandler                      0x0800015f   Thumb Code     0  startup_stm32f10x_hd.o(.text)
    RTC_IRQHandler                           0x0800015f   Thumb Code     0  startup_stm32f10x_hd.o(.text)
    SDIO_IRQHandler                          0x0800015f   Thumb Code     0  startup_stm32f10x_hd.o(.text)
    SPI1_IRQHandler                          0x0800015f   Thumb Code     0  startup_stm32f10x_hd.o(.text)
    SPI2_IRQHandler                          0x0800015f   Thumb Code     0  startup_stm32f10x_hd.o(.text)
    SPI3_IRQHandler                          0x0800015f   Thumb Code     0  startup_stm32f10x_hd.o(.text)
    TAMPER_IRQHandler                        0x0800015f   Thumb Code     0  startup_stm32f10x_hd.o(.text)
    TIM1_BRK_IRQHandler                      0x0800015f   Thumb Code     0  startup_stm32f10x_hd.o(.text)
    TIM1_CC_IRQHandler                       0x0800015f   Thumb Code     0  startup_stm32f10x_hd.o(.text)
    TIM1_TRG_COM_IRQHandler                  0x0800015f   Thumb Code     0  startup_stm32f10x_hd.o(.text)
    TIM1_UP_IRQHandler                       0x0800015f   Thumb Code     0  startup_stm32f10x_hd.o(.text)
    TIM2_IRQHandler                          0x0800015f   Thumb Code     0  startup_stm32f10x_hd.o(.text)
    TIM3_IRQHandler                          0x0800015f   Thumb Code     0  startup_stm32f10x_hd.o(.text)
    TIM4_IRQHandler                          0x0800015f   Thumb Code     0  startup_stm32f10x_hd.o(.text)
    TIM5_IRQHandler                          0x0800015f   Thumb Code     0  startup_stm32f10x_hd.o(.text)
    TIM6_IRQHandler                          0x0800015f   Thumb Code     0  startup_stm32f10x_hd.o(.text)
    TIM7_IRQHandler                          0x0800015f   Thumb Code     0  startup_stm32f10x_hd.o(.text)
    TIM8_BRK_IRQHandler                      0x0800015f   Thumb Code     0  startup_stm32f10x_hd.o(.text)
    TIM8_CC_IRQHandler                       0x0800015f   Thumb Code     0  startup_stm32f10x_hd.o(.text)
    TIM8_TRG_COM_IRQHandler                  0x0800015f   Thumb Code     0  startup_stm32f10x_hd.o(.text)
    TIM8_UP_IRQHandler                       0x0800015f   Thumb Code     0  startup_stm32f10x_hd.o(.text)
    UART4_IRQHandler                         0x0800015f   Thumb Code     0  startup_stm32f10x_hd.o(.text)
    UART5_IRQHandler                         0x0800015f   Thumb Code     0  startup_stm32f10x_hd.o(.text)
    USART1_IRQHandler                        0x0800015f   Thumb Code     0  startup_stm32f10x_hd.o(.text)
    USART2_IRQHandler                        0x0800015f   Thumb Code     0  startup_stm32f10x_hd.o(.text)
    USART3_IRQHandler                        0x0800015f   Thumb Code     0  startup_stm32f10x_hd.o(.text)
    USBWakeUp_IRQHandler                     0x0800015f   Thumb Code     0  startup_stm32f10x_hd.o(.text)
    USB_HP_CAN1_TX_IRQHandler                0x0800015f   Thumb Code     0  startup_stm32f10x_hd.o(.text)
    USB_LP_CAN1_RX0_IRQHandler               0x0800015f   Thumb Code     0  startup_stm32f10x_hd.o(.text)
    WWDG_IRQHandler                          0x0800015f   Thumb Code     0  startup_stm32f10x_hd.o(.text)
    SystemInit                               0x08000211   Thumb Code    64  system_stm32f10x.o(.text)
    SystemCoreClockUpdate                    0x08000251   Thumb Code   106  system_stm32f10x.o(.text)
    NVIC_PriorityGroupConfig                 0x080002dd   Thumb Code    10  misc.o(.text)
    NVIC_Init                                0x080002e7   Thumb Code    96  misc.o(.text)
    NVIC_SetVectorTable                      0x08000347   Thumb Code    14  misc.o(.text)
    NVIC_SystemLPConfig                      0x08000355   Thumb Code    24  misc.o(.text)
    SysTick_CLKSourceConfig                  0x0800036d   Thumb Code    28  misc.o(.text)
    GPIO_DeInit                              0x08000395   Thumb Code   188  stm32f10x_gpio.o(.text)
    GPIO_AFIODeInit                          0x08000451   Thumb Code    22  stm32f10x_gpio.o(.text)
    GPIO_Init                                0x08000467   Thumb Code   166  stm32f10x_gpio.o(.text)
    GPIO_StructInit                          0x0800050d   Thumb Code    16  stm32f10x_gpio.o(.text)
    GPIO_ReadInputDataBit                    0x0800051d   Thumb Code    14  stm32f10x_gpio.o(.text)
    GPIO_ReadInputData                       0x0800052b   Thumb Code     6  stm32f10x_gpio.o(.text)
    GPIO_ReadOutputDataBit                   0x08000531   Thumb Code    14  stm32f10x_gpio.o(.text)
    GPIO_ReadOutputData                      0x0800053f   Thumb Code     6  stm32f10x_gpio.o(.text)
    GPIO_SetBits                             0x08000545   Thumb Code     4  stm32f10x_gpio.o(.text)
    GPIO_ResetBits                           0x08000549   Thumb Code     4  stm32f10x_gpio.o(.text)
    GPIO_WriteBit                            0x0800054d   Thumb Code    12  stm32f10x_gpio.o(.text)
    GPIO_Write                               0x08000559   Thumb Code     4  stm32f10x_gpio.o(.text)
    GPIO_PinLockConfig                       0x0800055d   Thumb Code    16  stm32f10x_gpio.o(.text)
    GPIO_EventOutputConfig                   0x0800056d   Thumb Code    22  stm32f10x_gpio.o(.text)
    GPIO_EventOutputCmd                      0x08000583   Thumb Code     6  stm32f10x_gpio.o(.text)
    GPIO_PinRemapConfig                      0x08000589   Thumb Code    86  stm32f10x_gpio.o(.text)
    GPIO_EXTILineConfig                      0x080005df   Thumb Code    34  stm32f10x_gpio.o(.text)
    GPIO_ETH_MediaInterfaceConfig            0x08000601   Thumb Code     8  stm32f10x_gpio.o(.text)
    RCC_DeInit                               0x0800062d   Thumb Code    50  stm32f10x_rcc.o(.text)
    RCC_HSEConfig                            0x0800065f   Thumb Code    50  stm32f10x_rcc.o(.text)
    RCC_GetFlagStatus                        0x08000691   Thumb Code    42  stm32f10x_rcc.o(.text)
    RCC_WaitForHSEStartUp                    0x080006bb   Thumb Code    48  stm32f10x_rcc.o(.text)
    RCC_AdjustHSICalibrationValue            0x080006eb   Thumb Code    16  stm32f10x_rcc.o(.text)
    RCC_HSICmd                               0x080006fb   Thumb Code     6  stm32f10x_rcc.o(.text)
    RCC_PLLConfig                            0x08000701   Thumb Code    16  stm32f10x_rcc.o(.text)
    RCC_PLLCmd                               0x08000711   Thumb Code     6  stm32f10x_rcc.o(.text)
    RCC_SYSCLKConfig                         0x08000717   Thumb Code    14  stm32f10x_rcc.o(.text)
    RCC_GetSYSCLKSource                      0x08000725   Thumb Code    10  stm32f10x_rcc.o(.text)
    RCC_HCLKConfig                           0x0800072f   Thumb Code    14  stm32f10x_rcc.o(.text)
    RCC_PCLK1Config                          0x0800073d   Thumb Code    14  stm32f10x_rcc.o(.text)
    RCC_PCLK2Config                          0x0800074b   Thumb Code    16  stm32f10x_rcc.o(.text)
    RCC_ITConfig                             0x0800075b   Thumb Code    22  stm32f10x_rcc.o(.text)
    RCC_USBCLKConfig                         0x08000771   Thumb Code     8  stm32f10x_rcc.o(.text)
    RCC_ADCCLKConfig                         0x08000779   Thumb Code    14  stm32f10x_rcc.o(.text)
    RCC_LSEConfig                            0x08000787   Thumb Code    36  stm32f10x_rcc.o(.text)
    RCC_LSICmd                               0x080007ab   Thumb Code     6  stm32f10x_rcc.o(.text)
    RCC_RTCCLKConfig                         0x080007b1   Thumb Code    10  stm32f10x_rcc.o(.text)
    RCC_RTCCLKCmd                            0x080007bb   Thumb Code     8  stm32f10x_rcc.o(.text)
    RCC_GetClocksFreq                        0x080007c3   Thumb Code   154  stm32f10x_rcc.o(.text)
    RCC_AHBPeriphClockCmd                    0x0800085d   Thumb Code    22  stm32f10x_rcc.o(.text)
    RCC_APB2PeriphClockCmd                   0x08000873   Thumb Code    22  stm32f10x_rcc.o(.text)
    RCC_APB1PeriphClockCmd                   0x08000889   Thumb Code    22  stm32f10x_rcc.o(.text)
    RCC_APB2PeriphResetCmd                   0x0800089f   Thumb Code    22  stm32f10x_rcc.o(.text)
    RCC_APB1PeriphResetCmd                   0x080008b5   Thumb Code    22  stm32f10x_rcc.o(.text)
    RCC_BackupResetCmd                       0x080008cb   Thumb Code     8  stm32f10x_rcc.o(.text)
    RCC_ClockSecuritySystemCmd               0x080008d3   Thumb Code     6  stm32f10x_rcc.o(.text)
    RCC_MCOConfig                            0x080008d9   Thumb Code     6  stm32f10x_rcc.o(.text)
    RCC_ClearFlag                            0x080008df   Thumb Code    12  stm32f10x_rcc.o(.text)
    RCC_GetITStatus                          0x080008eb   Thumb Code    16  stm32f10x_rcc.o(.text)
    RCC_ClearITPendingBit                    0x080008fb   Thumb Code     6  stm32f10x_rcc.o(.text)
    USART_DeInit                             0x08000921   Thumb Code   144  stm32f10x_usart.o(.text)
    USART_Init                               0x080009b1   Thumb Code   182  stm32f10x_usart.o(.text)
    USART_StructInit                         0x08000a67   Thumb Code    22  stm32f10x_usart.o(.text)
    USART_ClockInit                          0x08000a7d   Thumb Code    30  stm32f10x_usart.o(.text)
    USART_ClockStructInit                    0x08000a9b   Thumb Code    12  stm32f10x_usart.o(.text)
    USART_Cmd                                0x08000aa7   Thumb Code    24  stm32f10x_usart.o(.text)
    USART_ITConfig                           0x08000abf   Thumb Code    54  stm32f10x_usart.o(.text)
    USART_DMACmd                             0x08000af5   Thumb Code    20  stm32f10x_usart.o(.text)
    USART_SetAddress                         0x08000b09   Thumb Code    16  stm32f10x_usart.o(.text)
    USART_WakeUpConfig                       0x08000b19   Thumb Code    16  stm32f10x_usart.o(.text)
    USART_ReceiverWakeUpCmd                  0x08000b29   Thumb Code    24  stm32f10x_usart.o(.text)
    USART_LINBreakDetectLengthConfig         0x08000b41   Thumb Code    16  stm32f10x_usart.o(.text)
    USART_LINCmd                             0x08000b51   Thumb Code    24  stm32f10x_usart.o(.text)
    USART_SendData                           0x08000b69   Thumb Code     8  stm32f10x_usart.o(.text)
    USART_ReceiveData                        0x08000b71   Thumb Code     8  stm32f10x_usart.o(.text)
    USART_SendBreak                          0x08000b79   Thumb Code    10  stm32f10x_usart.o(.text)
    USART_SetGuardTime                       0x08000b83   Thumb Code    16  stm32f10x_usart.o(.text)
    USART_SetPrescaler                       0x08000b93   Thumb Code    16  stm32f10x_usart.o(.text)
    USART_SmartCardCmd                       0x08000ba3   Thumb Code    24  stm32f10x_usart.o(.text)
    USART_SmartCardNACKCmd                   0x08000bbb   Thumb Code    24  stm32f10x_usart.o(.text)
    USART_HalfDuplexCmd                      0x08000bd3   Thumb Code    24  stm32f10x_usart.o(.text)
    USART_OverSampling8Cmd                   0x08000beb   Thumb Code    24  stm32f10x_usart.o(.text)
    USART_OneBitMethodCmd                    0x08000c03   Thumb Code    24  stm32f10x_usart.o(.text)
    USART_IrDAConfig                         0x08000c1b   Thumb Code    16  stm32f10x_usart.o(.text)
    USART_IrDACmd                            0x08000c2b   Thumb Code    24  stm32f10x_usart.o(.text)
    USART_GetFlagStatus                      0x08000c43   Thumb Code    14  stm32f10x_usart.o(.text)
    USART_ClearFlag                          0x08000c51   Thumb Code     8  stm32f10x_usart.o(.text)
    USART_GetITStatus                        0x08000c59   Thumb Code    64  stm32f10x_usart.o(.text)
    USART_ClearITPendingBit                  0x08000c99   Thumb Code    16  stm32f10x_usart.o(.text)
    main                                     0x08000d53   Thumb Code    68  main.o(.text)
    NMI_Handler                              0x08000e91   Thumb Code     2  stm32f10x_it.o(.text)
    HardFault_Handler                        0x08000e93   Thumb Code     2  stm32f10x_it.o(.text)
    MemManage_Handler                        0x08000e95   Thumb Code     2  stm32f10x_it.o(.text)
    BusFault_Handler                         0x08000e97   Thumb Code     2  stm32f10x_it.o(.text)
    UsageFault_Handler                       0x08000e99   Thumb Code     2  stm32f10x_it.o(.text)
    SVC_Handler                              0x08000e9b   Thumb Code     2  stm32f10x_it.o(.text)
    DebugMon_Handler                         0x08000e9d   Thumb Code     2  stm32f10x_it.o(.text)
    USART_Config                             0x08000ec7   Thumb Code   138  bsp_usart.o(.text)
    Usart_SendByte                           0x08000f51   Thumb Code    24  bsp_usart.o(.text)
    Usart_SendArray                          0x08000f69   Thumb Code    46  bsp_usart.o(.text)
    Usart_SendString                         0x08000f97   Thumb Code    38  bsp_usart.o(.text)
    Usart_SendHalfWord                       0x08000fbd   Thumb Code    50  bsp_usart.o(.text)
    fputc                                    0x08000fef   Thumb Code    30  bsp_usart.o(.text)
    fgetc                                    0x0800100d   Thumb Code    26  bsp_usart.o(.text)
    LED_GPIO_Config                          0x08001031   Thumb Code    92  bsp_led.o(.text)
    osPriqueueInit                           0x08001091   Thumb Code    42  los_priqueue.o(.text)
    osPriqueueEnqueue                        0x080010bb   Thumb Code    24  los_priqueue.o(.text)
    osPriqueueDequeue                        0x080010d3   Thumb Code    20  los_priqueue.o(.text)
    osPriqueueTop                            0x080010e7   Thumb Code    42  los_priqueue.o(.text)
    osPriqueueSize                           0x08001111   Thumb Code    26  los_priqueue.o(.text)
    osPriqueueTotalSize                      0x0800112b   Thumb Code    24  los_priqueue.o(.text)
    osSwTmrTask                              0x0800114d   Thumb Code    56  los_swtmr.o(.text)
    osSwTmrTaskCreate                        0x08001185   Thumb Code    46  los_swtmr.o(.text)
    osSwTmrInit                              0x080011b3   Thumb Code   118  los_swtmr.o(.text)
    osSwTmrStart                             0x08001229   Thumb Code   382  los_swtmr.o(.text)
    osSwtmrStop                              0x080013a7   Thumb Code    76  los_swtmr.o(.text)
    osSwtmrScan                              0x08001459   Thumb Code    26  los_swtmr.o(.text)
    osSwTmrGetNextTimeout                    0x08001473   Thumb Code    46  los_swtmr.o(.text)
    osSwtimerInsert                          0x080014a1   Thumb Code    62  los_swtmr.o(.text)
    osSwTmrAdjust                            0x080014df   Thumb Code    72  los_swtmr.o(.text)
    osSwtmrTimeGet                           0x08001527   Thumb Code    56  los_swtmr.o(.text)
    LOS_SwtmrCreate                          0x0800155f   Thumb Code   160  los_swtmr.o(.text)
    LOS_SwtmrStart                           0x080015ff   Thumb Code   192  los_swtmr.o(.text)
    LOS_SwtmrStop                            0x080016bf   Thumb Code   106  los_swtmr.o(.text)
    LOS_SwtmrTimeGet                         0x08001729   Thumb Code   122  los_swtmr.o(.text)
    LOS_SwtmrDelete                          0x080017a3   Thumb Code   112  los_swtmr.o(.text)
    LOS_TickCountGet                         0x08001839   Thumb Code     6  los_sys.o(.text)
    LOS_CyclePerTickGet                      0x0800183f   Thumb Code    14  los_sys.o(.text)
    LOS_MS2Tick                              0x0800184d   Thumb Code    28  los_sys.o(.text)
    LOS_Tick2MS                              0x08001869   Thumb Code    18  los_sys.o(.text)
    osCpuTick2MS                             0x0800187b   Thumb Code    74  los_sys.o(.text)
    osCpuTick2US                             0x080018c5   Thumb Code    72  los_sys.o(.text)
    osTaskNextSwitchTimeGet                  0x08001921   Thumb Code    60  los_task.o(.text)
    osIdleTask                               0x0800195d   Thumb Code     2  los_task.o(.text)
    osTaskPriModify                          0x0800195f   Thumb Code    52  los_task.o(.text)
    osTaskAdd2TimerList                      0x08001993   Thumb Code   136  los_task.o(.text)
    osTimerListDelete                        0x08001a1b   Thumb Code    48  los_task.o(.text)
    osTaskScan                               0x08001a4b   Thumb Code   182  los_task.o(.text)
    osConvertTskStatus                       0x08001b01   Thumb Code    68  los_task.o(.text)
    osGetTaskWaterLine                       0x08001b45   Thumb Code    88  los_task.o(.text)
    osGetAllTskInfo                          0x08001b9d   Thumb Code   196  los_task.o(.text)
    osTaskInit                               0x08001c61   Thumb Code   390  los_task.o(.text)
    LOS_TaskCreateOnly                       0x08001de7   Thumb Code   322  los_task.o(.text)
    LOS_TaskCreate                           0x08001f29   Thumb Code   112  los_task.o(.text)
    osIdleTaskCreate                         0x08001f99   Thumb Code    50  los_task.o(.text)
    LOS_CurTaskIDGet                         0x08001fcb   Thumb Code    18  los_task.o(.text)
    LOS_NextTaskIDGet                        0x08001fdd   Thumb Code    18  los_task.o(.text)
    LOS_CurTaskNameGet                       0x08001fef   Thumb Code    16  los_task.o(.text)
    osTaskSwitchCheck                        0x08001fff   Thumb Code   178  los_task.o(.text)
    osTaskMonInit                            0x080020b1   Thumb Code    34  los_task.o(.text)
    LOS_TaskDelete                           0x080020d3   Thumb Code   522  los_task.o(.text)
    osTaskEntry                              0x080022dd   Thumb Code    38  los_task.o(.text)
    LOS_TaskResume                           0x08002303   Thumb Code   134  los_task.o(.text)
    LOS_TaskSuspend                          0x08002389   Thumb Code   170  los_task.o(.text)
    LOS_TaskYield                            0x08002433   Thumb Code   106  los_task.o(.text)
    LOS_TaskDelay                            0x0800249d   Thumb Code    98  los_task.o(.text)
    LOS_TaskPriGet                           0x080024ff   Thumb Code    62  los_task.o(.text)
    LOS_TaskPriSet                           0x0800253d   Thumb Code   150  los_task.o(.text)
    LOS_CurTaskPriSet                        0x080025d3   Thumb Code    12  los_task.o(.text)
    osTaskWait                               0x080025df   Thumb Code    70  los_task.o(.text)
    osTaskWake                               0x08002625   Thumb Code    66  los_task.o(.text)
    LOS_TaskLock                             0x08002667   Thumb Code    24  los_task.o(.text)
    LOS_TaskUnlock                           0x0800267f   Thumb Code    58  los_task.o(.text)
    LOS_TaskInfoGet                          0x080026b9   Thumb Code   222  los_task.o(.text)
    LOS_TaskStatusGet                        0x08002797   Thumb Code    70  los_task.o(.text)
    LOS_TaskSwitchInfoGet                    0x080027dd   Thumb Code    60  los_task.o(.text)
    LOS_TaskInfoMonitor                      0x08002819   Thumb Code     4  los_task.o(.text)
    LOS_TaskIsRunning                        0x0800281d   Thumb Code     6  los_task.o(.text)
    LOS_NewTaskIDGet                         0x08002823   Thumb Code    18  los_task.o(.text)
    LOS_TaskNameGet                          0x08002835   Thumb Code    54  los_task.o(.text)
    osTickHandler                            0x080028ad   Thumb Code    34  los_tick.o(.text)
    LOS_SysClockGet                          0x080028cf   Thumb Code     6  los_tick.o(.text)
    osTimesliceInit                          0x080028d9   Thumb Code    12  los_timeslice.o(.text)
    osTimesliceCheck                         0x080028e5   Thumb Code    44  los_timeslice.o(.text)
    osMuxInit                                0x0800291d   Thumb Code    74  los_mux.o(.text)
    LOS_MuxCreate                            0x08002967   Thumb Code   108  los_mux.o(.text)
    LOS_MuxDelete                            0x080029d3   Thumb Code   128  los_mux.o(.text)
    LOS_MuxPend                              0x08002a53   Thumb Code   284  los_mux.o(.text)
    LOS_MuxPost                              0x08002b6f   Thumb Code   196  los_mux.o(.text)
    osQueueInit                              0x08002ca9   Thumb Code    78  los_queue.o(.text)
    LOS_QueueCreate                          0x08002cf7   Thumb Code   188  los_queue.o(.text)
    osQueueOperate                           0x08002eb3   Thumb Code   336  los_queue.o(.text)
    LOS_QueueReadCopy                        0x08003003   Thumb Code    42  los_queue.o(.text)
    LOS_QueueWriteHeadCopy                   0x0800302d   Thumb Code    44  los_queue.o(.text)
    LOS_QueueWriteCopy                       0x08003059   Thumb Code    42  los_queue.o(.text)
    LOS_QueueRead                            0x08003083   Thumb Code    74  los_queue.o(.text)
    LOS_QueueWrite                           0x080030cd   Thumb Code    22  los_queue.o(.text)
    LOS_QueueWriteHead                       0x080030e3   Thumb Code    22  los_queue.o(.text)
    osQueueMailAlloc                         0x080030f9   Thumb Code   146  los_queue.o(.text)
    osQueueMailFree                          0x0800318b   Thumb Code   142  los_queue.o(.text)
    LOS_QueueDelete                          0x08003219   Thumb Code   158  los_queue.o(.text)
    LOS_QueueInfoGet                         0x080032b7   Thumb Code   200  los_queue.o(.text)
    osSemInit                                0x080033ad   Thumb Code    72  los_sem.o(.text)
    osSemCreate                              0x080033f5   Thumb Code   134  los_sem.o(.text)
    LOS_SemCreate                            0x0800347b   Thumb Code     8  los_sem.o(.text)
    LOS_BinarySemCreate                      0x08003483   Thumb Code     6  los_sem.o(.text)
    LOS_SemDelete                            0x08003489   Thumb Code   120  los_sem.o(.text)
    LOS_SemPend                              0x08003501   Thumb Code   240  los_sem.o(.text)
    LOS_SemPost                              0x080035f1   Thumb Code   152  los_sem.o(.text)
    osHeapPrvGetNext                         0x08003721   Thumb Code    22  los_heap.o(.text)
    osHeapInit                               0x08003737   Thumb Code    62  los_heap.o(.text)
    osHeapStatisticsGet                      0x08003775   Thumb Code    76  los_heap.o(.text)
    osAlarmHeapInfo                          0x080037c1   Thumb Code    26  los_heap.o(.text)
    osHeapAlloc                              0x080037db   Thumb Code   238  los_heap.o(.text)
    osHeapFree                               0x080038c9   Thumb Code   224  los_heap.o(.text)
    osHeapGetHeapMemoryPeak                  0x080039a9   Thumb Code     6  los_heap.o(.text)
    osHeapGetMaxFreeBlkSize                  0x080039af   Thumb Code    40  los_heap.o(.text)
    osSlabCtrlHdrGet                         0x08003a29   Thumb Code     4  los_memory.o(.text)
    LOS_MemInit                              0x08003a2d   Thumb Code   188  los_memory.o(.text)
    osMemSystemInit                          0x08003ae9   Thumb Code     8  los_memory.o(.text)
    LOS_MemDeInit                            0x08003af1   Thumb Code    76  los_memory.o(.text)
    LOS_MemPoolList                          0x08003b3d   Thumb Code    28  los_memory.o(.text)
    LOS_MemAlloc                             0x08003b59   Thumb Code    42  los_memory.o(.text)
    LOS_MemAllocAlign                        0x08003b83   Thumb Code    64  los_memory.o(.text)
    LOS_MemFree                              0x08003bc3   Thumb Code    62  los_memory.o(.text)
    LOS_MemRealloc                           0x08003c01   Thumb Code   142  los_memory.o(.text)
    LOS_MemStatisticsGet                     0x08003c8f   Thumb Code    98  los_memory.o(.text)
    LOS_MemGetMaxFreeBlkSize                 0x08003cf1   Thumb Code    26  los_memory.o(.text)
    osAtomicBitsetInit                       0x08003d51   Thumb Code    44  los_slab.o(.text)
    osAtomicBitsetGetBit                     0x08003d7d   Thumb Code    34  los_slab.o(.text)
    osAtomicBitsetClearBit                   0x08003d9f   Thumb Code    30  los_slab.o(.text)
    osAtomicBitsetFindClearAndSet            0x08003dbd   Thumb Code    66  los_slab.o(.text)
    osAtomicBitsetIdxChgToNatural            0x08003dff   Thumb Code    30  los_slab.o(.text)
    osAtomicBitsetEmpty                      0x08003e1d   Thumb Code    58  los_slab.o(.text)
    osSlabAllocatorNew                       0x08003e57   Thumb Code    72  los_slab.o(.text)
    osSlabAllocatorDestroy                   0x08003e9f   Thumb Code     4  los_slab.o(.text)
    osSlabAllocatorAlloc                     0x08003ea3   Thumb Code    28  los_slab.o(.text)
    osSlabAllocatorFree                      0x08003ebf   Thumb Code    58  los_slab.o(.text)
    osSlabAllocatorGetNth                    0x08003ef9   Thumb Code    30  los_slab.o(.text)
    osSlabAllocatorGetIdxP                   0x08003f17   Thumb Code     8  los_slab.o(.text)
    osSlabAllocatorGetIndex                  0x08003f1f   Thumb Code    50  los_slab.o(.text)
    osSlabAllocatorGetNumItems               0x08003f51   Thumb Code     6  los_slab.o(.text)
    osSlabAllocatorEmpty                     0x08003f57   Thumb Code     4  los_slab.o(.text)
    osSlabAllocatorGetUsedItemCnt            0x08003f5b   Thumb Code    34  los_slab.o(.text)
    osSlabAllocatorGetSlabInfo               0x08003f7d   Thumb Code    22  los_slab.o(.text)
    osSlabAllocatorCheck                     0x08003f93   Thumb Code    46  los_slab.o(.text)
    osSlabBlockHeadFill                      0x08003fc1   Thumb Code    16  los_slabmem.o(.text)
    osSlabMemInit                            0x08003fd1   Thumb Code    86  los_slabmem.o(.text)
    osSlabMemAlloc                           0x08004027   Thumb Code   108  los_slabmem.o(.text)
    osSlabMemFree                            0x08004093   Thumb Code    96  los_slabmem.o(.text)
    osSlabMemDeinit                          0x080040f3   Thumb Code    70  los_slabmem.o(.text)
    osSlabMemCheck                           0x08004139   Thumb Code    84  los_slabmem.o(.text)
    osSlabStatisticsGet                      0x0800418d   Thumb Code   122  los_slabmem.o(.text)
    osSlabGetMaxFreeBlkSize                  0x08004207   Thumb Code    58  los_slabmem.o(.text)
    LOS_Align                                0x08004241   Thumb Code    20  los_misc.o(.text)
    LOS_Msleep                               0x08004255   Thumb Code    40  los_misc.o(.text)
    LOS_ErrHandle                            0x0800427d   Thumb Code    34  los_err.o(.text)
    osEnableFPU                              0x080042a9   Thumb Code    12  los_init.o(.text)
    LOS_Reboot                               0x080042b5   Thumb Code     6  los_init.o(.text)
    LOS_Start                                0x080042c3   Thumb Code    34  los_init.o(.text)
    LOS_KernelInit                           0x080042e5   Thumb Code   144  los_init.o(.text)
    LOS_MemboxInit                           0x080043f9   Thumb Code    44  los_membox.o(.text)
    LOS_MemboxAlloc                          0x08004425   Thumb Code    64  los_membox.o(.text)
    LOS_MemboxFree                           0x08004465   Thumb Code    36  los_membox.o(.text)
    LOS_MemboxClr                            0x08004489   Thumb Code    10  los_membox.o(.text)
    LOS_MemboxStatisticsGet                  0x08004493   Thumb Code    32  los_membox.o(.text)
    LOS_StartToRun                           0x080044dd   Thumb Code     0  los_dispatch_keil.o(.text)
    LOS_IntLock                              0x08004521   Thumb Code     0  los_dispatch_keil.o(.text)
    LOS_IntUnLock                            0x08004529   Thumb Code     0  los_dispatch_keil.o(.text)
    LOS_IntRestore                           0x08004531   Thumb Code     0  los_dispatch_keil.o(.text)
    osTaskSchedule                           0x08004537   Thumb Code     0  los_dispatch_keil.o(.text)
    osPendSV                                 0x08004541   Thumb Code     0  los_dispatch_keil.o(.text)
    osSchedule                               0x080045ad   Thumb Code     4  los_hw.o(.text)
    LOS_Schedule                             0x080045b1   Thumb Code    54  los_hw.o(.text)
    osTaskExit                               0x080045e7   Thumb Code     4  los_hw.o(.text)
    osTskStackInit                           0x080045eb   Thumb Code   124  los_hw.o(.text)
    osEnterSleep                             0x08004667   Thumb Code    12  los_hw.o(.text)
    osTickStart                              0x08004681   Thumb Code    90  los_hw_tick.o(.text)
    LOS_SysTickCurrCycleGet                  0x080046db   Thumb Code    38  los_hw_tick.o(.text)
    LOS_GetCpuCycle                          0x08004701   Thumb Code    82  los_hw_tick.o(.text)
    LOS_GetSystickCycle                      0x08004753   Thumb Code    78  los_hw_tick.o(.text)
    osIntNumGet                              0x080047b5   Thumb Code     6  los_hwi.o(.text)
    PendSV_Handler                           0x080047bb   Thumb Code     4  los_hwi.o(.text)
    SysTick_Handler                          0x080047bf   Thumb Code     4  los_hwi.o(.text)
    __aeabi_uldivmod                         0x080047c3   Thumb Code    98  uldiv.o(.text)
    __aeabi_memcpy                           0x08004825   Thumb Code    36  memcpya.o(.text)
    __aeabi_memcpy4                          0x08004825   Thumb Code     0  memcpya.o(.text)
    __aeabi_memcpy8                          0x08004825   Thumb Code     0  memcpya.o(.text)
    __aeabi_memset                           0x08004849   Thumb Code    14  memseta.o(.text)
    __aeabi_memset4                          0x08004849   Thumb Code     0  memseta.o(.text)
    __aeabi_memset8                          0x08004849   Thumb Code     0  memseta.o(.text)
    __aeabi_memclr                           0x08004857   Thumb Code     4  memseta.o(.text)
    __aeabi_memclr4                          0x08004857   Thumb Code     0  memseta.o(.text)
    __aeabi_memclr8                          0x08004857   Thumb Code     0  memseta.o(.text)
    _memset$wrapper                          0x0800485b   Thumb Code    18  memseta.o(.text)
    strncpy                                  0x0800486d   Thumb Code    24  strncpy.o(.text)
    __aeabi_ddiv                             0x08004885   Thumb Code   222  ddiv.o(.text)
    __aeabi_ui2d                             0x08004963   Thumb Code    26  dfltui.o(.text)
    __aeabi_ul2d                             0x0800497d   Thumb Code    24  dfltul.o(.text)
    __aeabi_d2ulz                            0x08004995   Thumb Code    48  dfixul.o(.text)
    __aeabi_llsl                             0x080049c5   Thumb Code    30  llshl.o(.text)
    _ll_shift_l                              0x080049c5   Thumb Code     0  llshl.o(.text)
    __aeabi_llsr                             0x080049e3   Thumb Code    32  llushr.o(.text)
    _ll_ushift_r                             0x080049e3   Thumb Code     0  llushr.o(.text)
    __I$use$fp                               0x08004a03   Thumb Code     0  iusefp.o(.text)
    _double_round                            0x08004a03   Thumb Code    30  depilogue.o(.text)
    _double_epilogue                         0x08004a21   Thumb Code   156  depilogue.o(.text)
    __scatterload                            0x08004abd   Thumb Code    28  init.o(.text)
    __scatterload_rt2                        0x08004abd   Thumb Code     0  init.o(.text)
    __0printf$8                              0x08004ae1   Thumb Code    22  printf8.o(i.__0printf$8)
    __1printf$8                              0x08004ae1   Thumb Code     0  printf8.o(i.__0printf$8)
    __2printf                                0x08004ae1   Thumb Code     0  printf8.o(i.__0printf$8)
    __scatterload_copy                       0x08004b01   Thumb Code    14  handlers.o(i.__scatterload_copy)
    __scatterload_null                       0x08004b0f   Thumb Code     2  handlers.o(i.__scatterload_null)
    __scatterload_zeroinit                   0x08004b11   Thumb Code    14  handlers.o(i.__scatterload_zeroinit)
    Region$$Table$$Base                      0x080050d4   Number         0  anon$$obj.o(Region$$Table)
    Region$$Table$$Limit                     0x080050f4   Number         0  anon$$obj.o(Region$$Table)
    SystemCoreClock                          0x20000000   Data           4  system_stm32f10x.o(.data)
    AHBPrescTable                            0x20000004   Data          16  system_stm32f10x.o(.data)
    Test1_Task_Handle                        0x20000028   Data           4  main.o(.data)
    Test2_Task_Handle                        0x2000002c   Data           4  main.o(.data)
    g_pstLosPriorityQueueList                0x20000030   Data           4  los_priqueue.o(.data)
    m_uwSwTmrHandlerQueue                    0x20000040   Data           4  los_swtmr.o(.data)
    m_pstSwtmrCBArray                        0x20000044   Data           4  los_swtmr.o(.data)
    m_pstSwtmrFreeList                       0x20000048   Data           4  los_swtmr.o(.data)
    m_pstSwtmrSortList                       0x2000004c   Data           4  los_swtmr.o(.data)
    g_usLosTaskLock                          0x20000050   Data           2  los_task.o(.data)
    g_pfnTskSwitchHook                       0x20000054   Data           4  los_task.o(.data)
    g_pfnUsrTskSwitchHook                    0x20000058   Data           4  los_task.o(.data)
    g_pstTaskCBArray                         0x2000005c   Data           4  los_task.o(.data)
    g_uwTskMaxNum                            0x20000060   Data           4  los_task.o(.data)
    g_uwIdleTaskID                           0x20000064   Data           4  los_task.o(.data)
    g_uwSwtmrTaskID                          0x20000068   Data           4  los_task.o(.data)
    g_bTaskScheduled                         0x2000006c   Data           4  los_task.o(.data)
    g_stLosTask                              0x20000070   Data           8  los_task.o(.data)
    g_stTaskTimerList                        0x20000078   Data           8  los_task.o(.data)
    g_stLosFreeTask                          0x20000080   Data           8  los_task.o(.data)
    g_stTskRecyleList                        0x20000088   Data           8  los_task.o(.data)
    g_stTskSortLink                          0x20000090   Data           8  los_task.o(.data)
    g_uwSysClock                             0x20000098   Data           4  los_tick.o(.data)
    g_ullTickCount                           0x200000a0   Data           8  los_tick.o(.data)
    g_uwCyclesPerTick                        0x200000a8   Data           4  los_tick.o(.data)
    g_stTaskTimeSlice                        0x200000ac   Data           8  los_timeslice.o(.data)
    g_pstAllMux                              0x200000b4   Data           4  los_mux.o(.data)
    g_stUnusedMuxList                        0x200000b8   Data           8  los_mux.o(.data)
    g_pstAllQueue                            0x200000c0   Data           4  los_queue.o(.data)
    g_stFreeQueueList                        0x200000c4   Data           8  los_queue.o(.data)
    g_pstAllSem                              0x200000cc   Data           4  los_sem.o(.data)
    g_stUnusedSemList                        0x200000d0   Data           8  los_sem.o(.data)
    g_pPoolHead                              0x200000e8   Data           4  los_memory.o(.data)
    g_stUserErrFunc                          0x200000ec   Data           4  los_err.o(.data)
    m_aucSysMem0                             0x200000f0   Data           4  los_init.o(.data)
    __stdout                                 0x200000f4   Data           4  stdout.o(.data)
    m_uwSwTmrAlignID                         0x200000f8   Data          64  los_swtmr.o(.bss)
    g_astTskSwitchInfo                       0x20000138   Data         342  los_task.o(.bss)
    Image$$RW_IRAM1$$ZI$$Limit               0x20000690   Number         0  anon$$obj.o ABSOLUTE
    __initial_sp                             0x20000690   Data           0  startup_stm32f10x_hd.o(STACK)



==============================================================================

Memory Map of the image

  Image Entry point : 0x08000131

  Load Region LR_IROM1 (Base: 0x08000000, Size: 0x000051ec, Max: 0x00080000, ABSOLUTE)

    Execution Region ER_IROM1 (Base: 0x08000000, Size: 0x000050f4, Max: 0x00080000, ABSOLUTE)

    Base Addr    Size         Type   Attr      Idx    E Section Name        Object

    0x08000000   0x00000130   Data   RO            3    RESET               startup_stm32f10x_hd.o
    0x08000130   0x00000000   Code   RO         1795  * .ARM.Collect$$$$00000000  mc_w.l(entry.o)
    0x08000130   0x00000004   Code   RO         2077    .ARM.Collect$$$$00000001  mc_w.l(entry2.o)
    0x08000134   0x00000004   Code   RO         2080    .ARM.Collect$$$$00000004  mc_w.l(entry5.o)
    0x08000138   0x00000000   Code   RO         2082    .ARM.Collect$$$$00000008  mc_w.l(entry7b.o)
    0x08000138   0x00000000   Code   RO         2084    .ARM.Collect$$$$0000000A  mc_w.l(entry8b.o)
    0x08000138   0x00000008   Code   RO         2085    .ARM.Collect$$$$0000000B  mc_w.l(entry9a.o)
    0x08000140   0x00000000   Code   RO         2087    .ARM.Collect$$$$0000000D  mc_w.l(entry10a.o)
    0x08000140   0x00000000   Code   RO         2089    .ARM.Collect$$$$0000000F  mc_w.l(entry11a.o)
    0x08000140   0x00000004   Code   RO         2078    .ARM.Collect$$$$00002712  mc_w.l(entry2.o)
    0x08000144   0x00000024   Code   RO            4    .text               startup_stm32f10x_hd.o
    0x08000168   0x00000174   Code   RO           27    .text               system_stm32f10x.o
    0x080002dc   0x000000b8   Code   RO          142    .text               misc.o
    0x08000394   0x00000298   Code   RO          434    .text               stm32f10x_gpio.o
    0x0800062c   0x000002f4   Code   RO          530    .text               stm32f10x_rcc.o
    0x08000920   0x0000039c   Code   RO          652    .text               stm32f10x_usart.o
    0x08000cbc   0x000001d4   Code   RO          700    .text               main.o
    0x08000e90   0x0000000e   Code   RO          800    .text               stm32f10x_it.o
    0x08000e9e   0x00000002   PAD
    0x08000ea0   0x00000190   Code   RO          827    .text               bsp_usart.o
    0x08001030   0x00000060   Code   RO          855    .text               bsp_led.o
    0x08001090   0x000000bc   Code   RO          981    .text               los_priqueue.o
    0x0800114c   0x000006ec   Code   RO         1028    .text               los_swtmr.o
    0x08001838   0x000000e8   Code   RO         1141    .text               los_sys.o
    0x08001920   0x00000f8c   Code   RO         1168    .text               los_task.o
    0x080028ac   0x0000002c   Code   RO         1223    .text               los_tick.o
    0x080028d8   0x00000044   Code   RO         1262    .text               los_timeslice.o
    0x0800291c   0x0000038c   Code   RO         1336    .text               los_mux.o
    0x08002ca8   0x00000704   Code   RO         1372    .text               los_queue.o
    0x080033ac   0x00000374   Code   RO         1410    .text               los_sem.o
    0x08003720   0x00000308   Code   RO         1443    .text               los_heap.o
    0x08003a28   0x00000328   Code   RO         1469    .text               los_memory.o
    0x08003d50   0x00000270   Code   RO         1517    .text               los_slab.o
    0x08003fc0   0x00000280   Code   RO         1549    .text               los_slabmem.o
    0x08004240   0x0000003c   Code   RO         1576    .text               los_misc.o
    0x0800427c   0x0000002c   Code   RO         1600    .text               los_err.o
    0x080042a8   0x00000150   Code   RO         1633    .text               los_init.o
    0x080043f8   0x000000e4   Code   RO         1692    .text               los_membox.o
    0x080044dc   0x000000d0   Code   RO         1713    .text               los_dispatch_keil.o
    0x080045ac   0x000000d4   Code   RO         1719    .text               los_hw.o
    0x08004680   0x00000134   Code   RO         1743    .text               los_hw_tick.o
    0x080047b4   0x0000000e   Code   RO         1771    .text               los_hwi.o
    0x080047c2   0x00000062   Code   RO         1798    .text               mc_w.l(uldiv.o)
    0x08004824   0x00000024   Code   RO         1800    .text               mc_w.l(memcpya.o)
    0x08004848   0x00000024   Code   RO         1802    .text               mc_w.l(memseta.o)
    0x0800486c   0x00000018   Code   RO         1804    .text               mc_w.l(strncpy.o)
    0x08004884   0x000000de   Code   RO         2069    .text               mf_w.l(ddiv.o)
    0x08004962   0x0000001a   Code   RO         2071    .text               mf_w.l(dfltui.o)
    0x0800497c   0x00000018   Code   RO         2073    .text               mf_w.l(dfltul.o)
    0x08004994   0x00000030   Code   RO         2075    .text               mf_w.l(dfixul.o)
    0x080049c4   0x0000001e   Code   RO         2094    .text               mc_w.l(llshl.o)
    0x080049e2   0x00000020   Code   RO         2096    .text               mc_w.l(llushr.o)
    0x08004a02   0x00000000   Code   RO         2098    .text               mc_w.l(iusefp.o)
    0x08004a02   0x000000ba   Code   RO         2099    .text               mf_w.l(depilogue.o)
    0x08004abc   0x00000024   Code   RO         2107    .text               mc_w.l(init.o)
    0x08004ae0   0x00000020   Code   RO         2015    i.__0printf$8       mc_w.l(printf8.o)
    0x08004b00   0x0000000e   Code   RO         2113    i.__scatterload_copy  mc_w.l(handlers.o)
    0x08004b0e   0x00000002   Code   RO         2114    i.__scatterload_null  mc_w.l(handlers.o)
    0x08004b10   0x0000000e   Code   RO         2115    i.__scatterload_zeroinit  mc_w.l(handlers.o)
    0x08004b1e   0x00000002   PAD
    0x08004b20   0x00000410   Code   RO         2022    i._printf_core      mc_w.l(printf8.o)
    0x08004f30   0x00000024   Code   RO         2023    i._printf_post_padding  mc_w.l(printf8.o)
    0x08004f54   0x0000002e   Code   RO         2024    i._printf_pre_padding  mc_w.l(printf8.o)
    0x08004f82   0x00000002   PAD
    0x08004f84   0x00000150   Data   RO         1170    .conststring        los_task.o
    0x080050d4   0x00000020   Data   RO         2111    Region$$Table       anon$$obj.o


    Execution Region RW_IRAM1 (Base: 0x20000000, Size: 0x00000690, Max: 0x00010000, ABSOLUTE)

    Base Addr    Size         Type   Attr      Idx    E Section Name        Object

    0x20000000   0x00000014   Data   RW           28    .data               system_stm32f10x.o
    0x20000014   0x00000014   Data   RW          531    .data               stm32f10x_rcc.o
    0x20000028   0x00000008   Data   RW          701    .data               main.o
    0x20000030   0x00000004   Data   RW          982    .data               los_priqueue.o
    0x20000034   0x0000001c   Data   RW         1030    .data               los_swtmr.o
    0x20000050   0x00000048   Data   RW         1171    .data               los_task.o
    0x20000098   0x00000010   Data   RW         1224    .data               los_tick.o
    0x200000a8   0x00000004   Data   RW         1227    .data               los_tick.o
    0x200000ac   0x00000008   Data   RW         1263    .data               los_timeslice.o
    0x200000b4   0x0000000c   Data   RW         1337    .data               los_mux.o
    0x200000c0   0x0000000c   Data   RW         1373    .data               los_queue.o
    0x200000cc   0x0000000c   Data   RW         1411    .data               los_sem.o
    0x200000d8   0x00000010   Data   RW         1444    .data               los_heap.o
    0x200000e8   0x00000004   Data   RW         1470    .data               los_memory.o
    0x200000ec   0x00000004   Data   RW         1601    .data               los_err.o
    0x200000f0   0x00000004   Data   RW         1634    .data               los_init.o
    0x200000f4   0x00000004   Data   RW         2091    .data               mc_w.l(stdout.o)
    0x200000f8   0x00000040   Zero   RW         1029    .bss                los_swtmr.o
    0x20000138   0x00000156   Zero   RW         1169    .bss                los_task.o
    0x2000028e   0x00000002   PAD
    0x20000290   0x00000400   Zero   RW            1    STACK               startup_stm32f10x_hd.o


==============================================================================

Image component sizes


      Code (inc. data)   RO Data    RW Data    ZI Data      Debug   Object Name

        96          4          0          0          0        654   bsp_led.o
       400         10          0          0          0       4002   bsp_usart.o
         0          0          0          0          0       2784   cmsis_liteos.o
         0          0          0          0          0       4504   core_cm3.o
       208         26          0          0          0        472   los_dispatch_keil.o
        44         10          0          4          0       2826   los_err.o
       776         82          0         16          0       5121   los_heap.o
       212         14          0          0          0       1989   los_hw.o
       308         20          0          0          0      24909   los_hw_tick.o
        14          0          0          0          0       2441   los_hwi.o
       336        132          0          4          0       2309   los_init.o
       228         42          0          0          0       2602   los_membox.o
       808         70          0          4          0       6451   los_memory.o
        60          0          0          0          0       1027   los_misc.o
       908         90          0         12          0       5500   los_mux.o
       188         10          0          4          0      12130   los_priqueue.o
      1796         80          0         12          0      18289   los_queue.o
       884        124          0         12          0       5996   los_sem.o
       624          0          0          0          0       7510   los_slab.o
       640          0          0          0          0       5280   los_slabmem.o
      1772         46          0         28         64      28357   los_swtmr.o
       232         20          0          0          0       2549   los_sys.o
      3980        396        336         72        342      27428   los_task.o
        44          4          0         20          0       1360   los_tick.o
        68         12          0          8          0       1171   los_timeslice.o
       468        250          0          8          0      12921   main.o
       184         12          0          0          0       2185   misc.o
        36          8        304          0       1024        940   startup_stm32f10x_hd.o
       664         36          0          0          0       6449   stm32f10x_gpio.o
        14          0          0          0          0       1115   stm32f10x_it.o
       756         32          0         20          0       9696   stm32f10x_rcc.o
       924         20          0          0          0       9400   stm32f10x_usart.o
       372         34          0         20          0     230851   system_stm32f10x.o

    ----------------------------------------------------------------------
     18046       1584        672        244       1432     451218   Object Totals
         0          0         32          0          0          0   (incl. Generated)
         2          0          0          0          2          0   (incl. Padding)

    ----------------------------------------------------------------------

      Code (inc. data)   RO Data    RW Data    ZI Data      Debug   Library Member Name

         0          0          0          0          0          0   entry.o
         0          0          0          0          0          0   entry10a.o
         0          0          0          0          0          0   entry11a.o
         8          4          0          0          0          0   entry2.o
         4          0          0          0          0          0   entry5.o
         0          0          0          0          0          0   entry7b.o
         0          0          0          0          0          0   entry8b.o
         8          4          0          0          0          0   entry9a.o
        30          0          0          0          0          0   handlers.o
        36          8          0          0          0         68   init.o
         0          0          0          0          0          0   iusefp.o
        30          0          0          0          0         68   llshl.o
        32          0          0          0          0         68   llushr.o
        36          0          0          0          0         68   memcpya.o
        36          0          0          0          0        108   memseta.o
      1154         54          0          0          0        352   printf8.o
         0          0          0          4          0          0   stdout.o
        24          0          0          0          0         76   strncpy.o
        98          0          0          0          0         92   uldiv.o
       222          0          0          0          0        100   ddiv.o
       186          0          0          0          0        176   depilogue.o
        48          0          0          0          0         68   dfixul.o
        26          0          0          0          0         76   dfltui.o
        24          0          0          0          0         76   dfltul.o

    ----------------------------------------------------------------------
      2006         70          0          4          0       1396   Library Totals
         4          0          0          0          0          0   (incl. Padding)

    ----------------------------------------------------------------------

      Code (inc. data)   RO Data    RW Data    ZI Data      Debug   Library Name

      1496         70          0          4          0        900   mc_w.l
       506          0          0          0          0        496   mf_w.l

    ----------------------------------------------------------------------
      2006         70          0          4          0       1396   Library Totals

    ----------------------------------------------------------------------

==============================================================================


      Code (inc. data)   RO Data    RW Data    ZI Data      Debug   

     20052       1654        672        248       1432     449334   Grand Totals
     20052       1654        672        248       1432     449334   ELF Image Totals
     20052       1654        672        248          0          0   ROM Totals

==============================================================================

    Total RO  Size (Code + RO Data)                20724 (  20.24kB)
    Total RW  Size (RW Data + ZI Data)              1680 (   1.64kB)
    Total ROM Size (Code + RO Data + RW Data)      20972 (  20.48kB)

==============================================================================

